Component: ARM Compiler 6.14 Tool: armlink [5db06800]

==============================================================================

Section Cross References

    main.o(.text) refers (Special) to _printf_f.o(.ARM.Collect$$_printf_percent$$00000003) for _printf_f
    main.o(.text) refers (Special) to printf1.o(x$fpl$printf1) for _printf_fp_dec
    main.o(.text) refers (Special) to _printf_percent.o(.ARM.Collect$$_printf_percent$$00000000) for _printf_percent
    main.o(.text.Clock72MHz) refers (Special) to _printf_f.o(.ARM.Collect$$_printf_percent$$00000003) for _printf_f
    main.o(.text.Clock72MHz) refers (Special) to printf1.o(x$fpl$printf1) for _printf_fp_dec
    main.o(.text.Clock72MHz) refers (Special) to _printf_percent.o(.ARM.Collect$$_printf_percent$$00000000) for _printf_percent
    main.o(.ARM.exidx.text.Clock72MHz) refers (Special) to _printf_f.o(.ARM.Collect$$_printf_percent$$00000003) for _printf_f
    main.o(.ARM.exidx.text.Clock72MHz) refers (Special) to printf1.o(x$fpl$printf1) for _printf_fp_dec
    main.o(.ARM.exidx.text.Clock72MHz) refers (Special) to _printf_percent.o(.ARM.Collect$$_printf_percent$$00000000) for _printf_percent
    main.o(.ARM.exidx.text.Clock72MHz) refers to main.o(.text.Clock72MHz) for [Anonymous Symbol]
    main.o(.text.USART2_Init) refers (Special) to _printf_f.o(.ARM.Collect$$_printf_percent$$00000003) for _printf_f
    main.o(.text.USART2_Init) refers (Special) to printf1.o(x$fpl$printf1) for _printf_fp_dec
    main.o(.text.USART2_Init) refers (Special) to _printf_percent.o(.ARM.Collect$$_printf_percent$$00000000) for _printf_percent
    main.o(.text.USART2_Init) refers to main.o(.text.__NVIC_EnableIRQ) for __NVIC_EnableIRQ
    main.o(.ARM.exidx.text.USART2_Init) refers (Special) to _printf_f.o(.ARM.Collect$$_printf_percent$$00000003) for _printf_f
    main.o(.ARM.exidx.text.USART2_Init) refers (Special) to printf1.o(x$fpl$printf1) for _printf_fp_dec
    main.o(.ARM.exidx.text.USART2_Init) refers (Special) to _printf_percent.o(.ARM.Collect$$_printf_percent$$00000000) for _printf_percent
    main.o(.ARM.exidx.text.USART2_Init) refers to main.o(.text.USART2_Init) for [Anonymous Symbol]
    main.o(.text.__NVIC_EnableIRQ) refers (Special) to _printf_f.o(.ARM.Collect$$_printf_percent$$00000003) for _printf_f
    main.o(.text.__NVIC_EnableIRQ) refers (Special) to printf1.o(x$fpl$printf1) for _printf_fp_dec
    main.o(.text.__NVIC_EnableIRQ) refers (Special) to _printf_percent.o(.ARM.Collect$$_printf_percent$$00000000) for _printf_percent
    main.o(.ARM.exidx.text.__NVIC_EnableIRQ) refers (Special) to _printf_f.o(.ARM.Collect$$_printf_percent$$00000003) for _printf_f
    main.o(.ARM.exidx.text.__NVIC_EnableIRQ) refers (Special) to printf1.o(x$fpl$printf1) for _printf_fp_dec
    main.o(.ARM.exidx.text.__NVIC_EnableIRQ) refers (Special) to _printf_percent.o(.ARM.Collect$$_printf_percent$$00000000) for _printf_percent
    main.o(.ARM.exidx.text.__NVIC_EnableIRQ) refers to main.o(.text.__NVIC_EnableIRQ) for [Anonymous Symbol]
    main.o(.text.USART2_IRQHandler) refers (Special) to _printf_f.o(.ARM.Collect$$_printf_percent$$00000003) for _printf_f
    main.o(.text.USART2_IRQHandler) refers (Special) to printf1.o(x$fpl$printf1) for _printf_fp_dec
    main.o(.text.USART2_IRQHandler) refers (Special) to _printf_percent.o(.ARM.Collect$$_printf_percent$$00000000) for _printf_percent
    main.o(.text.USART2_IRQHandler) refers to main.o(.bss.rx_index) for rx_index
    main.o(.text.USART2_IRQHandler) refers to main.o(.bss.rx_buf) for rx_buf
    main.o(.text.USART2_IRQHandler) refers to main.o(.bss.data_ready_flag) for data_ready_flag
    main.o(.ARM.exidx.text.USART2_IRQHandler) refers (Special) to _printf_f.o(.ARM.Collect$$_printf_percent$$00000003) for _printf_f
    main.o(.ARM.exidx.text.USART2_IRQHandler) refers (Special) to printf1.o(x$fpl$printf1) for _printf_fp_dec
    main.o(.ARM.exidx.text.USART2_IRQHandler) refers (Special) to _printf_percent.o(.ARM.Collect$$_printf_percent$$00000000) for _printf_percent
    main.o(.ARM.exidx.text.USART2_IRQHandler) refers to main.o(.text.USART2_IRQHandler) for [Anonymous Symbol]
    main.o(.text.Send_Feedback_To_Pi) refers (Special) to _printf_f.o(.ARM.Collect$$_printf_percent$$00000003) for _printf_f
    main.o(.text.Send_Feedback_To_Pi) refers (Special) to printf1.o(x$fpl$printf1) for _printf_fp_dec
    main.o(.text.Send_Feedback_To_Pi) refers (Special) to _printf_percent.o(.ARM.Collect$$_printf_percent$$00000000) for _printf_percent
    main.o(.text.Send_Feedback_To_Pi) refers to main.o(.bss.tocdoL) for tocdoL
    main.o(.text.Send_Feedback_To_Pi) refers to f2d.o(x$fpl$f2d) for __aeabi_f2d
    main.o(.text.Send_Feedback_To_Pi) refers to main.o(.bss.tocdoR) for tocdoR
    main.o(.text.Send_Feedback_To_Pi) refers to noretval__2sprintf.o(.text) for __2sprintf
    main.o(.ARM.exidx.text.Send_Feedback_To_Pi) refers (Special) to _printf_f.o(.ARM.Collect$$_printf_percent$$00000003) for _printf_f
[...]
    ../clib/libinit.s                        0x00000000   Number         0  libshutdown2.o ABSOLUTE
    ../clib/locale.s                         0x00000000   Number         0  lc_numeric_c.o ABSOLUTE
    ../clib/locale.s                         0x00000000   Number         0  lc_ctype_c.o ABSOLUTE
    ../clib/longlong.s                       0x00000000   Number         0  lludiv10.o ABSOLUTE
    ../clib/longlong.s                       0x00000000   Number         0  llshl.o ABSOLUTE
    ../clib/longlong.s                       0x00000000   Number         0  llushr.o ABSOLUTE
    ../clib/memcpset.s                       0x00000000   Number         0  strcmpv7m.o ABSOLUTE
    ../clib/misc.s                           0x00000000   Number         0  printf_stubs.o ABSOLUTE
    ../clib/printf.c                         0x00000000   Number         0  __2sprintf.o ABSOLUTE
    ../clib/printf.c                         0x00000000   Number         0  noretval__2sprintf.o ABSOLUTE
    ../clib/printf.c                         0x00000000   Number         0  __printf.o ABSOLUTE
    ../clib/printf.c                         0x00000000   Number         0  __printf_flags.o ABSOLUTE
    ../clib/printf.c                         0x00000000   Number         0  __printf_ss.o ABSOLUTE
    ../clib/printf.c                         0x00000000   Number         0  __printf_flags_ss.o ABSOLUTE
    ../clib/printf.c                         0x00000000   Number         0  __printf_wp.o ABSOLUTE
    ../clib/printf.c                         0x00000000   Number         0  __printf_flags_wp.o ABSOLUTE
    ../clib/printf.c                         0x00000000   Number         0  __printf_ss_wp.o ABSOLUTE
    ../clib/printf.c                         0x00000000   Number         0  __printf_flags_ss_wp.o ABSOLUTE
    ../clib/printf.c                         0x00000000   Number         0  _printf_fp_dec.o ABSOLUTE
    ../clib/printf.c                         0x00000000   Number         0  _printf_fp_dec_accurate.o ABSOLUTE
    ../clib/printf.c                         0x00000000   Number         0  _printf_char_common.o ABSOLUTE
    ../clib/printf.c                         0x00000000   Number         0  _sputc.o ABSOLUTE
    ../clib/printf.c                         0x00000000   Number         0  _printf_fp_infnan.o ABSOLUTE
    ../clib/printf.c                         0x00000000   Number         0  __printf_nopercent.o ABSOLUTE
    ../clib/printf_percent.s                 0x00000000   Number         0  _printf_f.o ABSOLUTE
    ../clib/printf_percent.s                 0x00000000   Number         0  _printf_percent.o ABSOLUTE
    ../clib/printf_percent.s                 0x00000000   Number         0  _printf_percent_end.o ABSOLUTE
    ../clib/scanf.c                          0x00000000   Number         0  strtod.o ABSOLUTE
    ../clib/scanf.c                          0x00000000   Number         0  _sgetc.o ABSOLUTE
    ../clib/scanf.c                          0x00000000   Number         0  scanf_fp.o ABSOLUTE
    ../clib/scanf.c                          0x00000000   Number         0  scanf_fp_accurate.o ABSOLUTE
    ../clib/scanf.c                          0x00000000   Number         0  scanf_hexfp.o ABSOLUTE
    ../clib/scanf.c                          0x00000000   Number         0  scanf_infnan.o ABSOLUTE
    ../clib/scanf.c                          0x00000000   Number         0  _chval.o ABSOLUTE
    ../clib/signal.c                         0x00000000   Number         0  defsig_rtmem_outer.o ABSOLUTE
    ../clib/signal.c                         0x00000000   Number         0  defsig_rtmem_formal.o ABSOLUTE
    ../clib/signal.c                         0x00000000   Number         0  defsig_exit.o ABSOLUTE
    ../clib/signal.c                         0x00000000   Number         0  defsig_rtmem_inner.o ABSOLUTE
    ../clib/signal.c                         0x00000000   Number         0  __raise.o ABSOLUTE
    ../clib/signal.c                         0x00000000   Number         0  defsig_general.o ABSOLUTE
    ../clib/signal.c                         0x00000000   Number         0  defsig_abrt_inner.o ABSOLUTE
    ../clib/signal.c                         0x00000000   Number         0  defsig_fpe_inner.o ABSOLUTE
    ../clib/signal.c                         0x00000000   Number         0  defsig_rtred_inner.o ABSOLUTE
    ../clib/signal.c                         0x00000000   Number         0  defsig_stak_inner.o ABSOLUTE
    ../clib/signal.c                         0x00000000   Number         0  defsig_pvfn_inner.o ABSOLUTE
    ../clib/signal.c                         0x00000000   Number         0  defsig_cppl_inner.o ABSOLUTE
    ../clib/signal.c                         0x00000000   Number         0  defsig_segv_inner.o ABSOLUTE
    ../clib/signal.c                         0x00000000   Number         0  defsig_other.o ABSOLUTE
    ../clib/signal.s                         0x00000000   Number         0  defsig.o ABSOLUTE
    ../clib/stdlib.c                         0x00000000   Number         0  exit.o ABSOLUTE
    ../clib/string.c                         0x00000000   Number         0  strtok.o ABSOLUTE
    ../clib/string.c                         0x00000000   Number         0  strtok_int.o ABSOLUTE
    ../clib/string.c                         0x00000000   Number         0  strcspn.o ABSOLUTE
    ../clib/string.c                         0x00000000   Number         0  strspn.o ABSOLUTE
    ../clib/string.c                         0x00000000   Number         0  strlen.o ABSOLUTE
    ../fplib/d2f.s                           0x00000000   Number         0  d2f.o ABSOLUTE
    ../fplib/daddsub.s                       0x00000000   Number         0  daddsub_clz.o ABSOLUTE
    ../fplib/dcheck1.s                       0x00000000   Number         0  dcheck1.o ABSOLUTE
    ../fplib/dcmpi.s                         0x00000000   Number         0  dcmpi.o ABSOLUTE
    ../fplib/ddiv.s                          0x00000000   Number         0  ddiv.o ABSOLUTE
    ../fplib/deqf.s                          0x00000000   Number         0  deqf.o ABSOLUTE
    ../fplib/dleqf.s                         0x00000000   Number         0  dleqf.o ABSOLUTE
    ../fplib/dmul.s                          0x00000000   Number         0  dmul.o ABSOLUTE
    ../fplib/dnaninf.s                       0x00000000   Number         0  dnaninf.o ABSOLUTE
    ../fplib/dretinf.s                       0x00000000   Number         0  dretinf.o ABSOLUTE
    ../fplib/drleqf.s                        0x00000000   Number         0  drleqf.o ABSOLUTE
    ../fplib/f2d.s                           0x00000000   Number         0  f2d.o ABSOLUTE
    ../fplib/faddsub.s                       0x00000000   Number         0  faddsub_clz.o ABSOLUTE
    ../fplib/fcmp.s                          0x00000000   Number         0  fcmp.o ABSOLUTE
    ../fplib/fcmpi.s                         0x00000000   Number         0  fcmpi.o ABSOLUTE
    ../fplib/fdiv.s                          0x00000000   Number         0  fdiv.o ABSOLUTE
    ../fplib/feqf.s                          0x00000000   Number         0  feqf.o ABSOLUTE
    ../fplib/ffix.s                          0x00000000   Number         0  ffix.o ABSOLUTE
    ../fplib/fflt.s                          0x00000000   Number         0  fflt_clz.o ABSOLUTE
    ../fplib/fgeqf.s                         0x00000000   Number         0  fgeqf.o ABSOLUTE
    ../fplib/fleqf.s                         0x00000000   Number         0  fleqf.o ABSOLUTE
    ../fplib/fmul.s                          0x00000000   Number         0  fmul.o ABSOLUTE
    ../fplib/fnaninf.s                       0x00000000   Number         0  fnaninf.o ABSOLUTE
    ../fplib/fpconst.s                       0x00000000   Number         0  fpconst.o ABSOLUTE
    ../fplib/fpinit.s                        0x00000000   Number         0  fpinit.o ABSOLUTE
    ../fplib/fpinit_empty.s                  0x00000000   Number         0  fpinit_empty.o ABSOLUTE
    ../fplib/fretinf.s                       0x00000000   Number         0  fretinf.o ABSOLUTE
    ../fplib/istatus.s                       0x00000000   Number         0  istatus.o ABSOLUTE
    ../fplib/printf1.s                       0x00000000   Number         0  printf1.o ABSOLUTE
    ../fplib/retnan.s                        0x00000000   Number         0  retnan.o ABSOLUTE
    ../fplib/scalbn.s                        0x00000000   Number         0  scalbn.o ABSOLUTE
    ../fplib/scanf1.s                        0x00000000   Number         0  scanf1.o ABSOLUTE
    ../fplib/scanf2.s                        0x00000000   Number         0  scanf2.o ABSOLUTE
    ../fplib/scanf2a.s                       0x00000000   Number         0  scanf2a.o ABSOLUTE
    ../fplib/scanf2b.s                       0x00000000   Number         0  scanf2b.o ABSOLUTE
    ../fplib/trapv.s                         0x00000000   Number         0  trapv.o ABSOLUTE
    ../fplib/usenofp.s                       0x00000000   Number         0  usenofp.o ABSOLUTE
    ../mathlib/atof.c                        0x00000000   Number         0  atof.o ABSOLUTE
    ../mathlib/dunder.c                      0x00000000   Number         0  dunder.o ABSOLUTE
    ../mathlib/fpclassify.c                  0x00000000   Number         0  fpclassify.o ABSOLUTE
    ../mathlib/frexp.c                       0x00000000   Number         0  frexp.o ABSOLUTE
    ../mathlib/ldexp.c                       0x00000000   Number         0  ldexp.o ABSOLUTE
    ../mathlib/ldexp.c                       0x00000000   Number         0  ldexp_x.o ABSOLUTE
    ../mathlib/narrow.c                      0x00000000   Number         0  narrow.o ABSOLUTE
    ../mathlib/qnan.c                        0x00000000   Number         0  qnan.o ABSOLUTE
    RTE/Device/STM32F103C8/startup_stm32f10x_md.s 0x00000000   Number         0  startup_stm32f10x_md.o ABSOLUTE
    dc.s                                     0x00000000   Number         0  dc.o ABSOLUTE
    main.c                                   0x00000000   Number         0  main.o ABSOLUTE
    system_stm32f10x.c                       0x00000000   Number         0  system_stm32f10x.o ABSOLUTE
    RESET                                    0x08000000   Section      236  startup_stm32f10x_md.o(RESET)
    !!!main                                  0x080000ec   Section        8  __main.o(!!!main)
    !!!scatter                               0x080000f4   Section       52  __scatter.o(!!!scatter)
    !!handler_copy                           0x08000128   Section       26  __scatter_copy.o(!!handler_copy)
    !!handler_zi                             0x08000144   Section       28  __scatter_zi.o(!!handler_zi)
    .ARM.Collect$$_printf_percent$$00000000  0x08000160   Section        0  _printf_percent.o(.ARM.Collect$$_printf_percent$$00000000)
    .ARM.Collect$$_printf_percent$$00000003  0x08000160   Section        6  _printf_f.o(.ARM.Collect$$_printf_percent$$00000003)
    .ARM.Collect$$_printf_percent$$00000017  0x08000166   Section        4  _printf_percent_end.o(.ARM.Collect$$_printf_percent$$00000017)
    .ARM.Collect$$libinit$$00000000          0x0800016a   Section        2  libinit.o(.ARM.Collect$$libinit$$00000000)
    .ARM.Collect$$libinit$$00000002          0x0800016c   Section        0  libinit2.o(.ARM.Collect$$libinit$$00000002)
    .ARM.Collect$$libinit$$00000004          0x0800016c   Section        0  libinit2.o(.ARM.Collect$$libinit$$00000004)
    .ARM.Collect$$libinit$$0000000A          0x0800016c   Section        0  libinit2.o(.ARM.Collect$$libinit$$0000000A)
    .ARM.Collect$$libinit$$0000000C          0x0800016c   Section        0  libinit2.o(.ARM.Collect$$libinit$$0000000C)
    .ARM.Collect$$libinit$$0000000E          0x0800016c   Section        0  libinit2.o(.ARM.Collect$$libinit$$0000000E)
    .ARM.Collect$$libinit$$0000000F          0x0800016c   Section        6  libinit2.o(.ARM.Collect$$libinit$$0000000F)
    .ARM.Collect$$libinit$$00000011          0x08000172   Section        0  libinit2.o(.ARM.Collect$$libinit$$00000011)
    .ARM.Collect$$libinit$$00000012          0x08000172   Section       12  libinit2.o(.ARM.Collect$$libinit$$00000012)
    .ARM.Collect$$libinit$$00000013          0x0800017e   Section        0  libinit2.o(.ARM.Collect$$libinit$$00000013)
    .ARM.Collect$$libinit$$00000015          0x0800017e   Section        0  libinit2.o(.ARM.Collect$$libinit$$00000015)
    .ARM.Collect$$libinit$$00000016          0x0800017e   Section       10  libinit2.o(.ARM.Collect$$libinit$$00000016)
    .ARM.Collect$$libinit$$00000017          0x08000188   Section        0  libinit2.o(.ARM.Collect$$libinit$$00000017)
    .ARM.Collect$$libinit$$00000019          0x08000188   Section        0  libinit2.o(.ARM.Collect$$libinit$$00000019)
    .ARM.Collect$$libinit$$0000001B          0x08000188   Section        0  libinit2.o(.ARM.Collect$$libinit$$0000001B)
    .ARM.Collect$$libinit$$0000001D          0x08000188   Section        0  libinit2.o(.ARM.Collect$$libinit$$0000001D)
    .ARM.Collect$$libinit$$0000001F          0x08000188   Section        0  libinit2.o(.ARM.Collect$$libinit$$0000001F)
    .ARM.Collect$$libinit$$00000021          0x08000188   Section        0  libinit2.o(.ARM.Collect$$libinit$$00000021)
    .ARM.Collect$$libinit$$00000023          0x08000188   Section        0  libinit2.o(.ARM.Collect$$libinit$$00000023)
    .ARM.Collect$$libinit$$00000025          0x08000188   Section        0  libinit2.o(.ARM.Collect$$libinit$$00000025)
    .ARM.Collect$$libinit$$0000002C          0x08000188   Section        0  libinit2.o(.ARM.Collect$$libinit$$0000002C)
    .ARM.Collect$$libinit$$0000002E          0x08000188   Section        0  libinit2.o(.ARM.Collect$$libinit$$0000002E)
    .ARM.Collect$$libinit$$00000030          0x08000188   Section        0  libinit2.o(.ARM.Collect$$libinit$$00000030)
    .ARM.Collect$$libinit$$00000032          0x08000188   Section        0  libinit2.o(.ARM.Collect$$libinit$$00000032)
    .ARM.Collect$$libinit$$00000033          0x08000188   Section        2  libinit2.o(.ARM.Collect$$libinit$$00000033)
    .ARM.Collect$$libshutdown$$00000000      0x0800018a   Section        2  libshutdown.o(.ARM.Collect$$libshutdown$$00000000)
    .ARM.Collect$$libshutdown$$00000002      0x0800018c   Section        0  libshutdown2.o(.ARM.Collect$$libshutdown$$00000002)
    .ARM.Collect$$libshutdown$$00000004      0x0800018c   Section        0  libshutdown2.o(.ARM.Collect$$libshutdown$$00000004)
    .ARM.Collect$$libshutdown$$00000007      0x0800018c   Section        0  libshutdown2.o(.ARM.Collect$$libshutdown$$00000007)
    .ARM.Collect$$libshutdown$$0000000A      0x0800018c   Section        0  libshutdown2.o(.ARM.Collect$$libshutdown$$0000000A)
    .ARM.Collect$$libshutdown$$0000000C      0x0800018c   Section        0  libshutdown2.o(.ARM.Collect$$libshutdown$$0000000C)
    .ARM.Collect$$libshutdown$$0000000F      0x0800018c   Section        0  libshutdown2.o(.ARM.Collect$$libshutdown$$0000000F)
    .ARM.Collect$$libshutdown$$00000010      0x0800018c   Section        2  libshutdown2.o(.ARM.Collect$$libshutdown$$00000010)
    .ARM.Collect$$rtentry$$00000000          0x0800018e   Section        0  __rtentry.o(.ARM.Collect$$rtentry$$00000000)
    .ARM.Collect$$rtentry$$00000002          0x0800018e   Section        0  __rtentry2.o(.ARM.Collect$$rtentry$$00000002)
    .ARM.Collect$$rtentry$$00000004          0x0800018e   Section        6  __rtentry4.o(.ARM.Collect$$rtentry$$00000004)
    .ARM.Collect$$rtentry$$00000009          0x08000194   Section        0  __rtentry2.o(.ARM.Collect$$rtentry$$00000009)
    .ARM.Collect$$rtentry$$0000000A          0x08000194   Section        4  __rtentry2.o(.ARM.Collect$$rtentry$$0000000A)
    .ARM.Collect$$rtentry$$0000000C          0x08000198   Section        0  __rtentry2.o(.ARM.Collect$$rtentry$$0000000C)
    .ARM.Collect$$rtentry$$0000000D          0x08000198   Section        8  __rtentry2.o(.ARM.Collect$$rtentry$$0000000D)
    .ARM.Collect$$rtexit$$00000000           0x080001a0   Section        2  rtexit.o(.ARM.Collect$$rtexit$$00000000)
    .ARM.Collect$$rtexit$$00000002           0x080001a2   Section        0  rtexit2.o(.ARM.Collect$$rtexit$$00000002)
    .ARM.Collect$$rtexit$$00000003           0x080001a2   Section        4  rtexit2.o(.ARM.Collect$$rtexit$$00000003)
    .ARM.Collect$$rtexit$$00000004           0x080001a6   Section        6  rtexit2.o(.ARM.Collect$$rtexit$$00000004)
    .text                                    0x080001ac   Section       64  startup_stm32f10x_md.o(.text)
    .text                                    0x080001ec   Section        0  noretval__2sprintf.o(.text)
    .text                                    0x08000214   Section        0  __printf_wp.o(.text)
    .text                                    0x08000324   Section        0  strtok.o(.text)
    .text                                    0x08000330   Section        0  heapauxi.o(.text)
    .text                                    0x08000336   Section        0  _rserrno.o(.text)
    _fp_digits                               0x0800034d   Thumb Code   432  _printf_fp_dec.o(.text)
    .text                                    0x0800034c   Section        0  _printf_fp_dec.o(.text)
    _printf_input_char                       0x08000769   Thumb Code    10  _printf_char_common.o(.text)
    .text                                    0x08000768   Section        0  _printf_char_common.o(.text)
    .text                                    0x08000798   Section        0  _sputc.o(.text)
    _local_sscanf                            0x080007a5   Thumb Code    68  strtod.o(.text)
    .text                                    0x080007a4   Section        0  strtod.o(.text)
    .text                                    0x08000854   Section        0  strtok_int.o(.text)
    .text                                    0x08000898   Section        8  rt_locale_intlibspace.o(.text)
    .text                                    0x080008a0   Section        8  rt_errno_addr_intlibspace.o(.text)
    .text                                    0x080008a8   Section      138  lludiv10.o(.text)
    .text                                    0x08000932   Section        0  isspace.o(.text)
    .text                                    0x08000944   Section        0  _printf_fp_infnan.o(.text)
    .text                                    0x080009c4   Section        0  _sgetc.o(.text)
    .text                                    0x08000a04   Section        0  bigflt0.o(.text)
    .text                                    0x08000ae8   Section        0  strcspn.o(.text)
    .text                                    0x08000b08   Section        0  strspn.o(.text)
    .text                                    0x08000b24   Section        8  libspace.o(.text)
    .text                                    0x08000b2c   Section       74  sys_stackheap_outer.o(.text)
    .text                                    0x08000b78   Section       16  rt_ctype_table.o(.text)
    _fp_value                                0x08000b89   Thumb Code   588  scanf_fp.o(.text)
    .text                                    0x08000b88   Section        0  scanf_fp.o(.text)
    .text                                    0x08001080   Section        0  exit.o(.text)
    .text                                    0x08001094   Section      128  strcmpv7m.o(.text)
    .text                                    0x08001114   Section       38  llshl.o(.text)
    .text                                    0x0800113c   Section        0  scanf_hexfp.o(.text)
    .text                                    0x0800145c   Section        0  scanf_infnan.o(.text)
    .text                                    0x08001590   Section        0  sys_exit.o(.text)
    .text                                    0x0800159c   Section        0  _chval.o(.text)
    .text                                    0x080015b8   Section        2  use_no_semi.o(.text)
    .text                                    0x080015ba   Section        0  indicate_semi.o(.text)
    [Anonymous Symbol]                       0x080015bc   Section        0  main.o(.text.Clock72MHz)
    [Anonymous Symbol]                       0x08001630   Section        0  main.o(.text.Drive_L298N_Left)
    [Anonymous Symbol]                       0x080016ac   Section        0  main.o(.text.Drive_L298N_Right)
    [Anonymous Symbol]                       0x08001718   Section        0  main.o(.text.Encoder_Hardware_Init)
    [Anonymous Symbol]                       0x080017e0   Section        0  main.o(.text.Motor_GPIO_Init)
    [Anonymous Symbol]                       0x08001820   Section        0  main.o(.text.PID_Control)
    [Anonymous Symbol]                       0x08001adc   Section        0  main.o(.text.PWM_Init)
    [Anonymous Symbol]                       0x08001bcc   Section        0  main.o(.text.Parse_Pi_Commands)
    [Anonymous Symbol]                       0x08001c30   Section        0  main.o(.text.Send_Feedback_To_Pi)
    SetSysClock                              0x08001c9d   Thumb Code     8  system_stm32f10x.o(.text.SetSysClock)
    [Anonymous Symbol]                       0x08001c9c   Section        0  system_stm32f10x.o(.text.SetSysClock)
    SetSysClockTo72                          0x08001ca5   Thumb Code   190  system_stm32f10x.o(.text.SetSysClockTo72)
    [Anonymous Symbol]                       0x08001ca4   Section        0  system_stm32f10x.o(.text.SetSysClockTo72)
    SysTick_Config                           0x08001d65   Thumb Code    36  main.o(.text.SysTick_Config)
    [Anonymous Symbol]                       0x08001d64   Section        0  main.o(.text.SysTick_Config)
    [Anonymous Symbol]                       0x08001d88   Section        0  main.o(.text.SysTick_Handler)
    [Anonymous Symbol]                       0x08001db0   Section        0  system_stm32f10x.o(.text.SystemInit)
    [Anonymous Symbol]                       0x08001e08   Section        0  main.o(.text.USART2_IRQHandler)
    [Anonymous Symbol]                       0x08001e70   Section        0  main.o(.text.USART2_Init)
    __NVIC_EnableIRQ                         0x08001edd   Thumb Code    14  main.o(.text.__NVIC_EnableIRQ)
    [Anonymous Symbol]                       0x08001edc   Section        0  main.o(.text.__NVIC_EnableIRQ)
    __NVIC_SetPriority                       0x08001eed   Thumb Code    14  main.o(.text.__NVIC_SetPriority)
    [Anonymous Symbol]                       0x08001eec   Section        0  main.o(.text.__NVIC_SetPriority)
    [Anonymous Symbol]                       0x08001efc   Section        0  main.o(.text.main)
    CL$$btod_d2e                             0x08001f32   Section       62  btod.o(CL$$btod_d2e)
    CL$$btod_d2e_denorm_low                  0x08001f70   Section       70  btod.o(CL$$btod_d2e_denorm_low)
    CL$$btod_d2e_norm_op1                    0x08001fb6   Section       96  btod.o(CL$$btod_d2e_norm_op1)
    CL$$btod_div_common                      0x08002016   Section      824  btod.o(CL$$btod_div_common)
    CL$$btod_e2d                             0x08002350   Section      132  btod.o(CL$$btod_e2d)
    CL$$btod_e2e                             0x080023d4   Section      220  btod.o(CL$$btod_e2e)
    CL$$btod_ediv                            0x080024b0   Section       42  btod.o(CL$$btod_ediv)
    CL$$btod_edivd                           0x080024da   Section       42  btod.o(CL$$btod_edivd)
    CL$$btod_emul                            0x08002504   Section       42  btod.o(CL$$btod_emul)
    CL$$btod_emuld                           0x0800252e   Section       42  btod.o(CL$$btod_emuld)
    CL$$btod_mult_common                     0x08002558   Section      580  btod.o(CL$$btod_mult_common)
    i.__ARM_fpclassify                       0x0800279c   Section        0  fpclassify.o(i.__ARM_fpclassify)
    i.__mathlib_dbl_overflow                 0x080027c4   Section        0  dunder.o(i.__mathlib_dbl_overflow)
    i.__mathlib_dbl_underflow                0x080027d4   Section        0  dunder.o(i.__mathlib_dbl_underflow)
    i.__mathlib_narrow                       0x080027e4   Section        0  narrow.o(i.__mathlib_narrow)
    i.__mathlib_tofloat                      0x080027f4   Section        0  narrow.o(i.__mathlib_tofloat)
    i.__support_ldexp                        0x080028b0   Section        0  ldexp.o(i.__support_ldexp)
    i._is_digit                              0x080028c6   Section        0  __printf_wp.o(i._is_digit)
    i.atof                                   0x080028d4   Section        0  atof.o(i.atof)
    i.frexp                                  0x08002900   Section        0  frexp.o(i.frexp)
    i.ldexp                                  0x08002958   Section        0  ldexp.o(i.ldexp)
    locale$$code                             0x080029cc   Section       44  lc_numeric_c.o(locale$$code)
    locale$$code                             0x080029f8   Section       44  lc_ctype_c.o(locale$$code)
    x$fpl$d2f                                0x08002a24   Section       98  d2f.o(x$fpl$d2f)
    x$fpl$dcheck1                            0x08002a88   Section       16  dcheck1.o(x$fpl$dcheck1)
    x$fpl$dcmpinf                            0x08002a98   Section       24  dcmpi.o(x$fpl$dcmpinf)
    x$fpl$deqf                               0x08002ab0   Section      120  deqf.o(x$fpl$deqf)
    x$fpl$dleqf                              0x08002b28   Section      120  dleqf.o(x$fpl$dleqf)
    x$fpl$dnaninf                            0x08002ba0   Section      156  dnaninf.o(x$fpl$dnaninf)
    x$fpl$dretinf                            0x08002c3c   Section       12  dretinf.o(x$fpl$dretinf)
    x$fpl$drleqf                             0x08002c48   Section      108  drleqf.o(x$fpl$drleqf)
    x$fpl$f2d                                0x08002cb4   Section       86  f2d.o(x$fpl$f2d)
    x$fpl$fadd                               0x08002d0c   Section      196  faddsub_clz.o(x$fpl$fadd)
    _fadd1                                   0x08002d1b   Thumb Code     0  faddsub_clz.o(x$fpl$fadd)
    x$fpl$fcmp                               0x08002dd0   Section       84  fcmp.o(x$fpl$fcmp)
    x$fpl$fcmpinf                            0x08002e24   Section       24  fcmpi.o(x$fpl$fcmpinf)
    _fdiv1                                   0x08002e3d   Thumb Code     0  fdiv.o(x$fpl$fdiv)
    x$fpl$fdiv                               0x08002e3c   Section      388  fdiv.o(x$fpl$fdiv)
    x$fpl$feqf                               0x08002fc0   Section      104  feqf.o(x$fpl$feqf)
    x$fpl$ffix                               0x08003028   Section       54  ffix.o(x$fpl$ffix)
    x$fpl$fflt                               0x08003060   Section       48  fflt_clz.o(x$fpl$fflt)
    x$fpl$fgeqf                              0x08003090   Section      104  fgeqf.o(x$fpl$fgeqf)
    x$fpl$fleqf                              0x080030f8   Section      104  fleqf.o(x$fpl$fleqf)
    x$fpl$fmul                               0x08003160   Section      258  fmul.o(x$fpl$fmul)
    x$fpl$fnaninf                            0x08003262   Section      140  fnaninf.o(x$fpl$fnaninf)
    x$fpl$fretinf                            0x080032ee   Section       10  fretinf.o(x$fpl$fretinf)
    x$fpl$fsub                               0x080032f8   Section      234  faddsub_clz.o(x$fpl$fsub)
    _fsub1                                   0x08003307   Thumb Code     0  faddsub_clz.o(x$fpl$fsub)
    x$fpl$ieeestatus                         0x080033e2   Section        6  istatus.o(x$fpl$ieeestatus)
    x$fpl$printf1                            0x080033e8   Section        4  printf1.o(x$fpl$printf1)
    x$fpl$retnan                             0x080033ec   Section      100  retnan.o(x$fpl$retnan)
    x$fpl$scalbn                             0x08003450   Section       92  scalbn.o(x$fpl$scalbn)
    x$fpl$scanf1                             0x080034ac   Section        4  scanf1.o(x$fpl$scanf1)
    x$fpl$scanf2                             0x080034b0   Section        8  scanf2.o(x$fpl$scanf2)
    x$fpl$trapveneer                         0x080034b8   Section       48  trapv.o(x$fpl$trapveneer)
    tenpwrs_x                                0x080034e8   Data          60  bigflt0.o(.constdata)
    .constdata                               0x080034e8   Section      148  bigflt0.o(.constdata)
    x$fpl$usenofp                            0x080034e8   Section        0  usenofp.o(x$fpl$usenofp)
    tenpwrs_i                                0x08003524   Data          64  bigflt0.o(.constdata)
    .L.str.1                                 0x0800357c   Data           2  main.o(.rodata.str1.1)
    [Anonymous Symbol]                       0x0800357c   Section        0  main.o(.rodata.str1.1)
    c$$dinf                                  0x080035a0   Section        8  fpconst.o(c$$dinf)
    c$$dmax                                  0x080035a8   Section        8  fpconst.o(c$$dmax)
    locale$$data                             0x080035b0   Section       28  lc_numeric_c.o(locale$$data)
    __lcnum_c_name                           0x080035b4   Data           2  lc_numeric_c.o(locale$$data)
    __lcnum_c_start                          0x080035bc   Data           0  lc_numeric_c.o(locale$$data)
    __lcnum_c_point                          0x080035c8   Data           0  lc_numeric_c.o(locale$$data)
    __lcnum_c_thousands                      0x080035ca   Data           0  lc_numeric_c.o(locale$$data)
    __lcnum_c_grouping                       0x080035cb   Data           0  lc_numeric_c.o(locale$$data)
    __lcnum_c_end                            0x080035cc   Data           0  lc_numeric_c.o(locale$$data)
    locale$$data                             0x080035cc   Section      272  lc_ctype_c.o(locale$$data)
    __lcctype_c_name                         0x080035d0   Data           2  lc_ctype_c.o(locale$$data)
    __lcctype_c_start                        0x080035d8   Data           0  lc_ctype_c.o(locale$$data)
    __lcctype_c_end                          0x080036dc   Data           0  lc_ctype_c.o(locale$$data)
    _strtok_saves1                           0x20000000   Data           4  strtok.o(.data)
    .data                                    0x20000000   Section        4  strtok.o(.data)
    .bss                                     0x20000018   Section       96  libspace.o(.bss)
    Heap_Mem                                 0x200000e8   Data         512  startup_stm32f10x_md.o(HEAP)
    HEAP                                     0x200000e8   Section      512  startup_stm32f10x_md.o(HEAP)
    Stack_Mem                                0x200002e8   Data        1024  startup_stm32f10x_md.o(STACK)
    STACK                                    0x200002e8   Section     1024  startup_stm32f10x_md.o(STACK)
    __initial_sp                             0x200006e8   Data           0  startup_stm32f10x_md.o(STACK)

    Global Symbols

    Symbol Name                              Value     Ov Type        Size  Object(Section)

    BuildAttributes$$THM_ISAv4$P$D$K$B$S$PE$A:L22UL41UL21$X:L11$S22US41US21$IEEE1$IW$~IW$USESV6$~STKCKD$USESV7$~SHL$OTIME$ROPI$IEEEX$EBA8$UX$STANDARDLIB$REQ8$PRES8$EABIv2 0x00000000   Number         0  anon$$obj.o ABSOLUTE
    __fp_init_empty                          0x00000000   Number         0  fpinit_empty.o ABSOLUTE
    _printf_flags                            0x00000000   Number         0  printf_stubs.o ABSOLUTE
    _printf_return_value                     0x00000000   Number         0  printf_stubs.o ABSOLUTE
    _printf_sizespec                         0x00000000   Number         0  printf_stubs.o ABSOLUTE
    _printf_widthprec                        0x00000000   Number         0  printf_stubs.o ABSOLUTE
    __ARM_exceptions_init                     - Undefined Weak Reference
    __alloca_initialize                       - Undefined Weak Reference
    __arm_preinit_                            - Undefined Weak Reference
    __cpp_initialize__aeabi_                  - Undefined Weak Reference
    __cxa_finalize                            - Undefined Weak Reference
    __sigvec_lookup                           - Undefined Weak Reference
    _atexit_init                              - Undefined Weak Reference
    _call_atexit_fns                          - Undefined Weak Reference
    _clock_init                               - Undefined Weak Reference
    _fp_trap_init                             - Undefined Weak Reference
    _fp_trap_shutdown                         - Undefined Weak Reference
    _get_lc_collate                           - Undefined Weak Reference
    _get_lc_monetary                          - Undefined Weak Reference
    _get_lc_time                              - Undefined Weak Reference
    _getenv_init                              - Undefined Weak Reference
    _handle_redirection                       - Undefined Weak Reference
    _init_alloc                               - Undefined Weak Reference
    _init_user_alloc                          - Undefined Weak Reference
    _initio                                   - Undefined Weak Reference
    _printf_post_padding                      - Undefined Weak Reference
    _printf_pre_padding                       - Undefined Weak Reference
    _rand_init                                - Undefined Weak Reference
    _signal_finish                            - Undefined Weak Reference
    _signal_init                              - Undefined Weak Reference
    _terminate_alloc                          - Undefined Weak Reference
    _terminate_user_alloc                     - Undefined Weak Reference
    _terminateio                              - Undefined Weak Reference
    __Vectors_Size                           0x000000ec   Number         0  startup_stm32f10x_md.o ABSOLUTE
    __Vectors                                0x08000000   Data           4  startup_stm32f10x_md.o(RESET)
    __Vectors_End                            0x080000ec   Data           0  startup_stm32f10x_md.o(RESET)
    __main                                   0x080000ed   Thumb Code     8  __main.o(!!!main)
    __scatterload                            0x080000f5   Thumb Code     0  __scatter.o(!!!scatter)
    __scatterload_rt2                        0x080000f5   Thumb Code    44  __scatter.o(!!!scatter)
    __scatterload_rt2_thumb_only             0x080000f5   Thumb Code     0  __scatter.o(!!!scatter)
    __scatterload_null                       0x08000103   Thumb Code     0  __scatter.o(!!!scatter)
    __scatterload_copy                       0x08000129   Thumb Code    26  __scatter_copy.o(!!handler_copy)
    __scatterload_zeroinit                   0x08000145   Thumb Code    28  __scatter_zi.o(!!handler_zi)
    _printf_f                                0x08000161   Thumb Code     0  _printf_f.o(.ARM.Collect$$_printf_percent$$00000003)
    _printf_percent                          0x08000161   Thumb Code     0  _printf_percent.o(.ARM.Collect$$_printf_percent$$00000000)
    _printf_percent_end                      0x08000167   Thumb Code     0  _printf_percent_end.o(.ARM.Collect$$_printf_percent$$00000017)
    __rt_lib_init                            0x0800016b   Thumb Code     0  libinit.o(.ARM.Collect$$libinit$$00000000)
    __rt_lib_init_fp_1                       0x0800016d   Thumb Code     0  libinit2.o(.ARM.Collect$$libinit$$00000002)
    __rt_lib_init_heap_1                     0x0800016d   Thumb Code     0  libinit2.o(.ARM.Collect$$libinit$$0000000A)
    __rt_lib_init_lc_common                  0x0800016d   Thumb Code     0  libinit2.o(.ARM.Collect$$libinit$$0000000F)
    __rt_lib_init_preinit_1                  0x0800016d   Thumb Code     0  libinit2.o(.ARM.Collect$$libinit$$00000004)
    __rt_lib_init_rand_1                     0x0800016d   Thumb Code     0  libinit2.o(.ARM.Collect$$libinit$$0000000E)
    __rt_lib_init_user_alloc_1               0x0800016d   Thumb Code     0  libinit2.o(.ARM.Collect$$libinit$$0000000C)
    __rt_lib_init_lc_collate_1               0x08000173   Thumb Code     0  libinit2.o(.ARM.Collect$$libinit$$00000011)
    __rt_lib_init_lc_ctype_2                 0x08000173   Thumb Code     0  libinit2.o(.ARM.Collect$$libinit$$00000012)
    __rt_lib_init_lc_ctype_1                 0x0800017f   Thumb Code     0  libinit2.o(.ARM.Collect$$libinit$$00000013)
    __rt_lib_init_lc_monetary_1              0x0800017f   Thumb Code     0  libinit2.o(.ARM.Collect$$libinit$$00000015)
    __rt_lib_init_lc_numeric_2               0x0800017f   Thumb Code     0  libinit2.o(.ARM.Collect$$libinit$$00000016)
    __rt_lib_init_alloca_1                   0x08000189   Thumb Code     0  libinit2.o(.ARM.Collect$$libinit$$0000002E)
    __rt_lib_init_argv_1                     0x08000189   Thumb Code     0  libinit2.o(.ARM.Collect$$libinit$$0000002C)
    __rt_lib_init_atexit_1                   0x08000189   Thumb Code     0  libinit2.o(.ARM.Collect$$libinit$$0000001B)
    __rt_lib_init_clock_1                    0x08000189   Thumb Code     0  libinit2.o(.ARM.Collect$$libinit$$00000021)
    __rt_lib_init_cpp_1                      0x08000189   Thumb Code     0  libinit2.o(.ARM.Collect$$libinit$$00000032)
    __rt_lib_init_exceptions_1               0x08000189   Thumb Code     0  libinit2.o(.ARM.Collect$$libinit$$00000030)
    __rt_lib_init_fp_trap_1                  0x08000189   Thumb Code     0  libinit2.o(.ARM.Collect$$libinit$$0000001F)
    __rt_lib_init_getenv_1                   0x08000189   Thumb Code     0  libinit2.o(.ARM.Collect$$libinit$$00000023)
    __rt_lib_init_lc_numeric_1               0x08000189   Thumb Code     0  libinit2.o(.ARM.Collect$$libinit$$00000017)
    __rt_lib_init_lc_time_1                  0x08000189   Thumb Code     0  libinit2.o(.ARM.Collect$$libinit$$00000019)
    __rt_lib_init_return                     0x08000189   Thumb Code     0  libinit2.o(.ARM.Collect$$libinit$$00000033)
    __rt_lib_init_signal_1                   0x08000189   Thumb Code     0  libinit2.o(.ARM.Collect$$libinit$$0000001D)
    __rt_lib_init_stdio_1                    0x08000189   Thumb Code     0  libinit2.o(.ARM.Collect$$libinit$$00000025)
    __rt_lib_shutdown                        0x0800018b   Thumb Code     0  libshutdown.o(.ARM.Collect$$libshutdown$$00000000)
    __rt_lib_shutdown_cpp_1                  0x0800018d   Thumb Code     0  libshutdown2.o(.ARM.Collect$$libshutdown$$00000002)
    __rt_lib_shutdown_fp_trap_1              0x0800018d   Thumb Code     0  libshutdown2.o(.ARM.Collect$$libshutdown$$00000007)
    __rt_lib_shutdown_heap_1                 0x0800018d   Thumb Code     0  libshutdown2.o(.ARM.Collect$$libshutdown$$0000000F)
    __rt_lib_shutdown_return                 0x0800018d   Thumb Code     0  libshutdown2.o(.ARM.Collect$$libshutdown$$00000010)
    __rt_lib_shutdown_signal_1               0x0800018d   Thumb Code     0  libshutdown2.o(.ARM.Collect$$libshutdown$$0000000A)
    __rt_lib_shutdown_stdio_1                0x0800018d   Thumb Code     0  libshutdown2.o(.ARM.Collect$$libshutdown$$00000004)
    __rt_lib_shutdown_user_alloc_1           0x0800018d   Thumb Code     0  libshutdown2.o(.ARM.Collect$$libshutdown$$0000000C)
    __rt_entry                               0x0800018f   Thumb Code     0  __rtentry.o(.ARM.Collect$$rtentry$$00000000)
    __rt_entry_presh_1                       0x0800018f   Thumb Code     0  __rtentry2.o(.ARM.Collect$$rtentry$$00000002)
    __rt_entry_sh                            0x0800018f   Thumb Code     0  __rtentry4.o(.ARM.Collect$$rtentry$$00000004)
    __rt_entry_li                            0x08000195   Thumb Code     0  __rtentry2.o(.ARM.Collect$$rtentry$$0000000A)
    __rt_entry_postsh_1                      0x08000195   Thumb Code     0  __rtentry2.o(.ARM.Collect$$rtentry$$00000009)
    __rt_entry_main                          0x08000199   Thumb Code     0  __rtentry2.o(.ARM.Collect$$rtentry$$0000000D)
    __rt_entry_postli_1                      0x08000199   Thumb Code     0  __rtentry2.o(.ARM.Collect$$rtentry$$0000000C)
    __rt_exit                                0x080001a1   Thumb Code     0  rtexit.o(.ARM.Collect$$rtexit$$00000000)
    __rt_exit_ls                             0x080001a3   Thumb Code     0  rtexit2.o(.ARM.Collect$$rtexit$$00000003)
    __rt_exit_prels_1                        0x080001a3   Thumb Code     0  rtexit2.o(.ARM.Collect$$rtexit$$00000002)
    __rt_exit_exit                           0x080001a7   Thumb Code     0  rtexit2.o(.ARM.Collect$$rtexit$$00000004)
    Reset_Handler                            0x080001ad   Thumb Code     8  startup_stm32f10x_md.o(.text)
    NMI_Handler                              0x080001b5   Thumb Code     2  startup_stm32f10x_md.o(.text)
    HardFault_Handler                        0x080001b7   Thumb Code     2  startup_stm32f10x_md.o(.text)
    MemManage_Handler                        0x080001b9   Thumb Code     2  startup_stm32f10x_md.o(.text)
    BusFault_Handler                         0x080001bb   Thumb Code     2  startup_stm32f10x_md.o(.text)
    UsageFault_Handler                       0x080001bd   Thumb Code     2  startup_stm32f10x_md.o(.text)
    SVC_Handler                              0x080001bf   Thumb Code     2  startup_stm32f10x_md.o(.text)
    DebugMon_Handler                         0x080001c1   Thumb Code     2  startup_stm32f10x_md.o(.text)
    PendSV_Handler                           0x080001c3   Thumb Code     2  startup_stm32f10x_md.o(.text)
    ADC1_2_IRQHandler                        0x080001c7   Thumb Code     0  startup_stm32f10x_md.o(.text)
    CAN1_RX1_IRQHandler                      0x080001c7   Thumb Code     0  startup_stm32f10x_md.o(.text)
    CAN1_SCE_IRQHandler                      0x080001c7   Thumb Code     0  startup_stm32f10x_md.o(.text)
    DMA1_Channel1_IRQHandler                 0x080001c7   Thumb Code     0  startup_stm32f10x_md.o(.text)
    DMA1_Channel2_IRQHandler                 0x080001c7   Thumb Code     0  startup_stm32f10x_md.o(.text)
    DMA1_Channel3_IRQHandler                 0x080001c7   Thumb Code     0  startup_stm32f10x_md.o(.text)
    DMA1_Channel4_IRQHandler                 0x080001c7   Thumb Code     0  startup_stm32f10x_md.o(.text)
    DMA1_Channel5_IRQHandler                 0x080001c7   Thumb Code     0  startup_stm32f10x_md.o(.text)
    DMA1_Channel6_IRQHandler                 0x080001c7   Thumb Code     0  startup_stm32f10x_md.o(.text)
    DMA1_Channel7_IRQHandler                 0x080001c7   Thumb Code     0  startup_stm32f10x_md.o(.text)
    EXTI0_IRQHandler                         0x080001c7   Thumb Code     0  startup_stm32f10x_md.o(.text)
    EXTI15_10_IRQHandler                     0x080001c7   Thumb Code     0  startup_stm32f10x_md.o(.text)
    EXTI1_IRQHandler                         0x080001c7   Thumb Code     0  startup_stm32f10x_md.o(.text)
    EXTI2_IRQHandler                         0x080001c7   Thumb Code     0  startup_stm32f10x_md.o(.text)
    EXTI3_IRQHandler                         0x080001c7   Thumb Code     0  startup_stm32f10x_md.o(.text)
    EXTI4_IRQHandler                         0x080001c7   Thumb Code     0  startup_stm32f10x_md.o(.text)
    EXTI9_5_IRQHandler                       0x080001c7   Thumb Code     0  startup_stm32f10x_md.o(.text)
    FLASH_IRQHandler                         0x080001c7   Thumb Code     0  startup_stm32f10x_md.o(.text)
    I2C1_ER_IRQHandler                       0x080001c7   Thumb Code     0  startup_stm32f10x_md.o(.text)
    I2C1_EV_IRQHandler                       0x080001c7   Thumb Code     0  startup_stm32f10x_md.o(.text)
    I2C2_ER_IRQHandler                       0x080001c7   Thumb Code     0  startup_stm32f10x_md.o(.text)
    I2C2_EV_IRQHandler                       0x080001c7   Thumb Code     0  startup_stm32f10x_md.o(.text)
    PVD_IRQHandler                           0x080001c7   Thumb Code     0  startup_stm32f10x_md.o(.text)
    RCC_IRQHandler                           0x080001c7   Thumb Code     0  startup_stm32f10x_md.o(.text)
    RTCAlarm_IRQHandler                      0x080001c7   Thumb Code     0  startup_stm32f10x_md.o(.text)
    RTC_IRQHandler                           0x080001c7   Thumb Code     0  startup_stm32f10x_md.o(.text)
    SPI1_IRQHandler                          0x080001c7   Thumb Code     0  startup_stm32f10x_md.o(.text)
    SPI2_IRQHandler                          0x080001c7   Thumb Code     0  startup_stm32f10x_md.o(.text)
    TAMPER_IRQHandler                        0x080001c7   Thumb Code     0  startup_stm32f10x_md.o(.text)
    TIM1_BRK_IRQHandler                      0x080001c7   Thumb Code     0  startup_stm32f10x_md.o(.text)
    TIM1_CC_IRQHandler                       0x080001c7   Thumb Code     0  startup_stm32f10x_md.o(.text)
    TIM1_TRG_COM_IRQHandler                  0x080001c7   Thumb Code     0  startup_stm32f10x_md.o(.text)
    TIM1_UP_IRQHandler                       0x080001c7   Thumb Code     0  startup_stm32f10x_md.o(.text)
    TIM2_IRQHandler                          0x080001c7   Thumb Code     0  startup_stm32f10x_md.o(.text)
    TIM3_IRQHandler                          0x080001c7   Thumb Code     0  startup_stm32f10x_md.o(.text)
    TIM4_IRQHandler                          0x080001c7   Thumb Code     0  startup_stm32f10x_md.o(.text)
    USART1_IRQHandler                        0x080001c7   Thumb Code     0  startup_stm32f10x_md.o(.text)
    USART3_IRQHandler                        0x080001c7   Thumb Code     0  startup_stm32f10x_md.o(.text)
    USBWakeUp_IRQHandler                     0x080001c7   Thumb Code     0  startup_stm32f10x_md.o(.text)
    USB_HP_CAN1_TX_IRQHandler                0x080001c7   Thumb Code     0  startup_stm32f10x_md.o(.text)
    USB_LP_CAN1_RX0_IRQHandler               0x080001c7   Thumb Code     0  startup_stm32f10x_md.o(.text)
    WWDG_IRQHandler                          0x080001c7   Thumb Code     0  startup_stm32f10x_md.o(.text)
    __user_initial_stackheap                 0x080001c9   Thumb Code     0  startup_stm32f10x_md.o(.text)
    __2sprintf                               0x080001ed   Thumb Code    34  noretval__2sprintf.o(.text)
    __printf                                 0x08000215   Thumb Code   270  __printf_wp.o(.text)
    strtok                                   0x08000325   Thumb Code     6  strtok.o(.text)
    __use_two_region_memory                  0x08000331   Thumb Code     2  heapauxi.o(.text)
    __rt_heap_escrow$2region                 0x08000333   Thumb Code     2  heapauxi.o(.text)
    __rt_heap_expand$2region                 0x08000335   Thumb Code     2  heapauxi.o(.text)
    __read_errno                             0x08000337   Thumb Code    10  _rserrno.o(.text)
    __set_errno                              0x08000341   Thumb Code    12  _rserrno.o(.text)
    _printf_fp_dec_real                      0x080004fd   Thumb Code   620  _printf_fp_dec.o(.text)
    _printf_char_common                      0x08000773   Thumb Code    32  _printf_char_common.o(.text)
    _sputc                                   0x08000799   Thumb Code    10  _sputc.o(.text)
    __strtod_int                             0x080007e9   Thumb Code    94  strtod.o(.text)
    __strtok_internal                        0x08000855   Thumb Code    64  strtok_int.o(.text)
    __rt_locale                              0x08000899   Thumb Code     8  rt_locale_intlibspace.o(.text)
    __aeabi_errno_addr                       0x080008a1   Thumb Code     8  rt_errno_addr_intlibspace.o(.text)
    __errno$intlibspace                      0x080008a1   Thumb Code     0  rt_errno_addr_intlibspace.o(.text)
    __rt_errno_addr$intlibspace              0x080008a1   Thumb Code     0  rt_errno_addr_intlibspace.o(.text)
    _ll_udiv10                               0x080008a9   Thumb Code   138  lludiv10.o(.text)
    isspace                                  0x08000933   Thumb Code    18  isspace.o(.text)
    _printf_fp_infnan                        0x08000945   Thumb Code   112  _printf_fp_infnan.o(.text)
    _sgetc                                   0x080009c5   Thumb Code    30  _sgetc.o(.text)
    _sbackspace                              0x080009e3   Thumb Code    34  _sgetc.o(.text)
    _btod_etento                             0x08000a05   Thumb Code   224  bigflt0.o(.text)
    strcspn                                  0x08000ae9   Thumb Code    32  strcspn.o(.text)
    strspn                                   0x08000b09   Thumb Code    28  strspn.o(.text)
    __user_libspace                          0x08000b25   Thumb Code     8  libspace.o(.text)
    __user_perproc_libspace                  0x08000b25   Thumb Code     0  libspace.o(.text)
    __user_perthread_libspace                0x08000b25   Thumb Code     0  libspace.o(.text)
    __user_setup_stackheap                   0x08000b2d   Thumb Code    74  sys_stackheap_outer.o(.text)
    __rt_ctype_table                         0x08000b79   Thumb Code    16  rt_ctype_table.o(.text)
    _scanf_really_real                       0x08000dd5   Thumb Code   684  scanf_fp.o(.text)
    exit                                     0x08001081   Thumb Code    18  exit.o(.text)
    strcmp                                   0x08001095   Thumb Code   128  strcmpv7m.o(.text)
    __aeabi_llsl                             0x08001115   Thumb Code     0  llshl.o(.text)
    _ll_shift_l                              0x08001115   Thumb Code    38  llshl.o(.text)
    _scanf_really_hex_real                   0x0800113d   Thumb Code   786  scanf_hexfp.o(.text)
    _scanf_really_infnan                     0x0800145d   Thumb Code   292  scanf_infnan.o(.text)
    _sys_exit                                0x08001591   Thumb Code     8  sys_exit.o(.text)
    _chval                                   0x0800159d   Thumb Code    28  _chval.o(.text)
    __I$use$semihosting                      0x080015b9   Thumb Code     0  use_no_semi.o(.text)
    __use_no_semihosting_swi                 0x080015b9   Thumb Code     2  use_no_semi.o(.text)
    __semihosting_library_function           0x080015bb   Thumb Code     0  indicate_semi.o(.text)
    Clock72MHz                               0x080015bd   Thumb Code   116  main.o(.text.Clock72MHz)
    Drive_L298N_Left                         0x08001631   Thumb Code   122  main.o(.text.Drive_L298N_Left)
    Drive_L298N_Right                        0x080016ad   Thumb Code   106  main.o(.text.Drive_L298N_Right)
    Encoder_Hardware_Init                    0x08001719   Thumb Code   200  main.o(.text.Encoder_Hardware_Init)
    Motor_GPIO_Init                          0x080017e1   Thumb Code    64  main.o(.text.Motor_GPIO_Init)
    PID_Control                              0x08001821   Thumb Code   698  main.o(.text.PID_Control)
    PWM_Init                                 0x08001add   Thumb Code   238  main.o(.text.PWM_Init)
    Parse_Pi_Commands                        0x08001bcd   Thumb Code    98  main.o(.text.Parse_Pi_Commands)
    Send_Feedback_To_Pi                      0x08001c31   Thumb Code   108  main.o(.text.Send_Feedback_To_Pi)
    SysTick_Handler                          0x08001d89   Thumb Code    38  main.o(.text.SysTick_Handler)
    SystemInit                               0x08001db1   Thumb Code    86  system_stm32f10x.o(.text.SystemInit)
    USART2_IRQHandler                        0x08001e09   Thumb Code   102  main.o(.text.USART2_IRQHandler)
    USART2_Init                              0x08001e71   Thumb Code   106  main.o(.text.USART2_Init)
    main                                     0x08001efd   Thumb Code    54  main.o(.text.main)
    _btod_d2e                                0x08001f33   Thumb Code    62  btod.o(CL$$btod_d2e)
    _d2e_denorm_low                          0x08001f71   Thumb Code    70  btod.o(CL$$btod_d2e_denorm_low)
    _d2e_norm_op1                            0x08001fb7   Thumb Code    96  btod.o(CL$$btod_d2e_norm_op1)
    __btod_div_common                        0x08002017   Thumb Code   696  btod.o(CL$$btod_div_common)
    _e2d                                     0x08002351   Thumb Code   122  btod.o(CL$$btod_e2d)
    _e2e                                     0x080023d5   Thumb Code   220  btod.o(CL$$btod_e2e)
    _btod_ediv                               0x080024b1   Thumb Code    42  btod.o(CL$$btod_ediv)
    _btod_edivd                              0x080024db   Thumb Code    42  btod.o(CL$$btod_edivd)
    _btod_emul                               0x08002505   Thumb Code    42  btod.o(CL$$btod_emul)
    _btod_emuld                              0x0800252f   Thumb Code    42  btod.o(CL$$btod_emuld)
    __btod_mult_common                       0x08002559   Thumb Code   580  btod.o(CL$$btod_mult_common)
    __ARM_fpclassify                         0x0800279d   Thumb Code    40  fpclassify.o(i.__ARM_fpclassify)
    __mathlib_dbl_overflow                   0x080027c5   Thumb Code    14  dunder.o(i.__mathlib_dbl_overflow)
    __mathlib_dbl_underflow                  0x080027d5   Thumb Code    10  dunder.o(i.__mathlib_dbl_underflow)
    __mathlib_narrow                         0x080027e5   Thumb Code    16  narrow.o(i.__mathlib_narrow)
    __mathlib_tofloat                        0x080027f5   Thumb Code   184  narrow.o(i.__mathlib_tofloat)
    __support_ldexp                          0x080028b1   Thumb Code    22  ldexp.o(i.__support_ldexp)
    _is_digit                                0x080028c7   Thumb Code    14  __printf_wp.o(i._is_digit)
    atof                                     0x080028d5   Thumb Code    44  atof.o(i.atof)
    frexp                                    0x08002901   Thumb Code    80  frexp.o(i.frexp)
    ldexp                                    0x08002959   Thumb Code   116  ldexp.o(i.ldexp)
    _get_lc_numeric                          0x080029cd   Thumb Code    44  lc_numeric_c.o(locale$$code)
    _get_lc_ctype                            0x080029f9   Thumb Code    44  lc_ctype_c.o(locale$$code)
    __aeabi_d2f                              0x08002a25   Thumb Code     0  d2f.o(x$fpl$d2f)
    _d2f                                     0x08002a25   Thumb Code    98  d2f.o(x$fpl$d2f)
    __fpl_dcheck_NaN1                        0x08002a89   Thumb Code    10  dcheck1.o(x$fpl$dcheck1)
    __fpl_dcmp_Inf                           0x08002a99   Thumb Code    24  dcmpi.o(x$fpl$dcmpinf)
    __aeabi_cdcmpeq                          0x08002ab1   Thumb Code     0  deqf.o(x$fpl$deqf)
    _dcmpeq                                  0x08002ab1   Thumb Code   120  deqf.o(x$fpl$deqf)
    __aeabi_cdcmple                          0x08002b29   Thumb Code     0  dleqf.o(x$fpl$dleqf)
    _dcmple                                  0x08002b29   Thumb Code   120  dleqf.o(x$fpl$dleqf)
    __fpl_dcmple_InfNaN                      0x08002b8b   Thumb Code     0  dleqf.o(x$fpl$dleqf)
    __fpl_dnaninf                            0x08002ba1   Thumb Code   156  dnaninf.o(x$fpl$dnaninf)
    __fpl_dretinf                            0x08002c3d   Thumb Code    12  dretinf.o(x$fpl$dretinf)
    __aeabi_cdrcmple                         0x08002c49   Thumb Code     0  drleqf.o(x$fpl$drleqf)
    _drcmple                                 0x08002c49   Thumb Code   108  drleqf.o(x$fpl$drleqf)
    __aeabi_f2d                              0x08002cb5   Thumb Code     0  f2d.o(x$fpl$f2d)
    _f2d                                     0x08002cb5   Thumb Code    86  f2d.o(x$fpl$f2d)
    __aeabi_fadd                             0x08002d0d   Thumb Code     0  faddsub_clz.o(x$fpl$fadd)
    _fadd                                    0x08002d0d   Thumb Code   196  faddsub_clz.o(x$fpl$fadd)
    __aeabi_fcmpeq                           0x08002dd1   Thumb Code     0  fcmp.o(x$fpl$fcmp)
    _feq                                     0x08002dd1   Thumb Code    14  fcmp.o(x$fpl$fcmp)
    _fneq                                    0x08002ddf   Thumb Code    14  fcmp.o(x$fpl$fcmp)
    __aeabi_fcmpgt                           0x08002ded   Thumb Code     0  fcmp.o(x$fpl$fcmp)
    _fgr                                     0x08002ded   Thumb Code    14  fcmp.o(x$fpl$fcmp)
    __aeabi_fcmpge                           0x08002dfb   Thumb Code     0  fcmp.o(x$fpl$fcmp)
    _fgeq                                    0x08002dfb   Thumb Code    14  fcmp.o(x$fpl$fcmp)
    __aeabi_fcmple                           0x08002e09   Thumb Code     0  fcmp.o(x$fpl$fcmp)
    _fleq                                    0x08002e09   Thumb Code    14  fcmp.o(x$fpl$fcmp)
    __aeabi_fcmplt                           0x08002e17   Thumb Code     0  fcmp.o(x$fpl$fcmp)
    _fls                                     0x08002e17   Thumb Code    14  fcmp.o(x$fpl$fcmp)
    __fpl_fcmp_Inf                           0x08002e25   Thumb Code    24  fcmpi.o(x$fpl$fcmpinf)
    __aeabi_fdiv                             0x08002e3d   Thumb Code     0  fdiv.o(x$fpl$fdiv)
    _fdiv                                    0x08002e3d   Thumb Code   384  fdiv.o(x$fpl$fdiv)
    __aeabi_cfcmpeq                          0x08002fc1   Thumb Code     0  feqf.o(x$fpl$feqf)
    _fcmpeq                                  0x08002fc1   Thumb Code   104  feqf.o(x$fpl$feqf)
    __aeabi_f2iz                             0x08003029   Thumb Code     0  ffix.o(x$fpl$ffix)
    _ffix                                    0x08003029   Thumb Code    54  ffix.o(x$fpl$ffix)
    __aeabi_i2f                              0x08003061   Thumb Code     0  fflt_clz.o(x$fpl$fflt)
    _fflt                                    0x08003061   Thumb Code    48  fflt_clz.o(x$fpl$fflt)
    _fcmpge                                  0x08003091   Thumb Code   104  fgeqf.o(x$fpl$fgeqf)
    __aeabi_cfcmple                          0x080030f9   Thumb Code     0  fleqf.o(x$fpl$fleqf)
    _fcmple                                  0x080030f9   Thumb Code   104  fleqf.o(x$fpl$fleqf)
    __fpl_fcmple_InfNaN                      0x0800314b   Thumb Code     0  fleqf.o(x$fpl$fleqf)
    __aeabi_fmul                             0x08003161   Thumb Code     0  fmul.o(x$fpl$fmul)
    _fmul                                    0x08003161   Thumb Code   258  fmul.o(x$fpl$fmul)
    __fpl_fnaninf                            0x08003263   Thumb Code   140  fnaninf.o(x$fpl$fnaninf)
    __fpl_fretinf                            0x080032ef   Thumb Code    10  fretinf.o(x$fpl$fretinf)
    __aeabi_fsub                             0x080032f9   Thumb Code     0  faddsub_clz.o(x$fpl$fsub)
    _fsub                                    0x080032f9   Thumb Code   234  faddsub_clz.o(x$fpl$fsub)
    __ieee_status                            0x080033e3   Thumb Code     6  istatus.o(x$fpl$ieeestatus)
    _printf_fp_dec                           0x080033e9   Thumb Code     4  printf1.o(x$fpl$printf1)
    __fpl_return_NaN                         0x080033ed   Thumb Code   100  retnan.o(x$fpl$retnan)
    __ARM_scalbn                             0x08003451   Thumb Code    92  scalbn.o(x$fpl$scalbn)
    _scanf_real                              0x080034ad   Thumb Code     4  scanf1.o(x$fpl$scanf1)
    _scanf_hex_real                          0x080034b1   Thumb Code     4  scanf2.o(x$fpl$scanf2)
    _scanf_infnan                            0x080034b5   Thumb Code     4  scanf2.o(x$fpl$scanf2)
    __fpl_cmpreturn                          0x080034b9   Thumb Code    48  trapv.o(x$fpl$trapveneer)
    __I$use$fp                               0x080034e8   Number         0  usenofp.o(x$fpl$usenofp)
    Region$$Table$$Base                      0x08003580   Number         0  anon$$obj.o(Region$$Table)
    Region$$Table$$Limit                     0x080035a0   Number         0  anon$$obj.o(Region$$Table)
    __aeabi_HUGE_VAL                         0x080035a0   Data           0  fpconst.o(c$$dinf)
    __aeabi_HUGE_VALL                        0x080035a0   Data           0  fpconst.o(c$$dinf)
    __aeabi_INFINITY                         0x080035a0   Data           0  fpconst.o(c$$dinf)
    __dInf                                   0x080035a0   Data           0  fpconst.o(c$$dinf)
    __huge_val                               0x080035a0   Data           0  fpconst.o(c$$dinf)
    __dbl_max                                0x080035a8   Data           0  fpconst.o(c$$dmax)
    __ctype                                  0x080035d9   Data           0  lc_ctype_c.o(locale$$data)
    Kd                                       0x20000004   Data           4  main.o(.data.Kd)
    Ki                                       0x20000008   Data           4  main.o(.data.Ki)
    Kp                                       0x2000000c   Data           4  main.o(.data.Kp)
    SystemCoreClock                          0x20000010   Data           4  system_stm32f10x.o(.data.SystemCoreClock)
    __libspace_start                         0x20000018   Data          96  libspace.o(.bss)
    __temporary_stack_top$libspace           0x20000078   Data           0  libspace.o(.bss)
    alpha                                    0x20000078   Data           4  main.o(.bss.alpha)
    beta                                     0x2000007c   Data           4  main.o(.bss.beta)
    data_ready_flag                          0x20000080   Data           1  main.o(.bss.data_ready_flag)
    e1L                                      0x20000084   Data           4  main.o(.bss.e1L)
    e1R                                      0x20000088   Data           4  main.o(.bss.e1R)
    e2L                                      0x2000008c   Data           4  main.o(.bss.e2L)
    e2R                                      0x20000090   Data           4  main.o(.bss.e2R)
    feedback_divider                         0x20000094   Data           1  main.o(.bss.feedback_divider)
    gamma                                    0x20000098   Data           4  main.o(.bss.gamma)
    lastOutL                                 0x2000009c   Data           4  main.o(.bss.lastOutL)
    lastOutR                                 0x200000a0   Data           4  main.o(.bss.lastOutR)
    outL                                     0x200000a4   Data           4  main.o(.bss.outL)
    outR                                     0x200000a8   Data           4  main.o(.bss.outR)
    rx_buf                                   0x200000ac   Data          40  main.o(.bss.rx_buf)
    rx_index                                 0x200000d4   Data           1  main.o(.bss.rx_index)
    setL                                     0x200000d8   Data           4  main.o(.bss.setL)
    setR                                     0x200000dc   Data           4  main.o(.bss.setR)
    tocdoL                                   0x200000e0   Data           4  main.o(.bss.tocdoL)
    tocdoR                                   0x200000e4   Data           4  main.o(.bss.tocdoR)



==============================================================================

Memory Map of the image

  Image Entry point : 0x080000ed

  Load Region LR_IROM1 (Base: 0x08000000, Size: 0x000036f8, Max: 0x00010000, ABSOLUTE)

    Execution Region ER_IROM1 (Exec base: 0x08000000, Load base: 0x08000000, Size: 0x000036dc, Max: 0x00010000, ABSOLUTE)

    Exec Addr    Load Addr    Size         Type   Attr      Idx    E Section Name        Object

    0x08000000   0x08000000   0x000000ec   Data   RO           69    RESET               startup_stm32f10x_md.o
    0x080000ec   0x080000ec   0x00000008   Code   RO          129  * !!!main             c_w.l(__main.o)
    0x080000f4   0x080000f4   0x00000034   Code   RO          521    !!!scatter          c_w.l(__scatter.o)
    0x08000128   0x08000128   0x0000001a   Code   RO          523    !!handler_copy      c_w.l(__scatter_copy.o)
    0x08000142   0x08000142   0x00000002   PAD
    0x08000144   0x08000144   0x0000001c   Code   RO          525    !!handler_zi        c_w.l(__scatter_zi.o)
    0x08000160   0x08000160   0x00000000   Code   RO          123    .ARM.Collect$$_printf_percent$$00000000  c_w.l(_printf_percent.o)
    0x08000160   0x08000160   0x00000006   Code   RO          122    .ARM.Collect$$_printf_percent$$00000003  c_w.l(_printf_f.o)
    0x08000166   0x08000166   0x00000004   Code   RO          176    .ARM.Collect$$_printf_percent$$00000017  c_w.l(_printf_percent_end.o)
    0x0800016a   0x0800016a   0x00000002   Code   RO          295    .ARM.Collect$$libinit$$00000000  c_w.l(libinit.o)
    0x0800016c   0x0800016c   0x00000000   Code   RO          297    .ARM.Collect$$libinit$$00000002  c_w.l(libinit2.o)
    0x0800016c   0x0800016c   0x00000000   Code   RO          299    .ARM.Collect$$libinit$$00000004  c_w.l(libinit2.o)
    0x0800016c   0x0800016c   0x00000000   Code   RO          302    .ARM.Collect$$libinit$$0000000A  c_w.l(libinit2.o)
    0x0800016c   0x0800016c   0x00000000   Code   RO          304    .ARM.Collect$$libinit$$0000000C  c_w.l(libinit2.o)
    0x0800016c   0x0800016c   0x00000000   Code   RO          306    .ARM.Collect$$libinit$$0000000E  c_w.l(libinit2.o)
    0x0800016c   0x0800016c   0x00000006   Code   RO          307    .ARM.Collect$$libinit$$0000000F  c_w.l(libinit2.o)
    0x08000172   0x08000172   0x00000000   Code   RO          309    .ARM.Collect$$libinit$$00000011  c_w.l(libinit2.o)
    0x08000172   0x08000172   0x0000000c   Code   RO          310    .ARM.Collect$$libinit$$00000012  c_w.l(libinit2.o)
    0x0800017e   0x0800017e   0x00000000   Code   RO          311    .ARM.Collect$$libinit$$00000013  c_w.l(libinit2.o)
    0x0800017e   0x0800017e   0x00000000   Code   RO          313    .ARM.Collect$$libinit$$00000015  c_w.l(libinit2.o)
    0x0800017e   0x0800017e   0x0000000a   Code   RO          314    .ARM.Collect$$libinit$$00000016  c_w.l(libinit2.o)
    0x08000188   0x08000188   0x00000000   Code   RO          315    .ARM.Collect$$libinit$$00000017  c_w.l(libinit2.o)
    0x08000188   0x08000188   0x00000000   Code   RO          317    .ARM.Collect$$libinit$$00000019  c_w.l(libinit2.o)
    0x08000188   0x08000188   0x00000000   Code   RO          319    .ARM.Collect$$libinit$$0000001B  c_w.l(libinit2.o)
    0x08000188   0x08000188   0x00000000   Code   RO          321    .ARM.Collect$$libinit$$0000001D  c_w.l(libinit2.o)
    0x08000188   0x08000188   0x00000000   Code   RO          323    .ARM.Collect$$libinit$$0000001F  c_w.l(libinit2.o)
    0x08000188   0x08000188   0x00000000   Code   RO          325    .ARM.Collect$$libinit$$00000021  c_w.l(libinit2.o)
    0x08000188   0x08000188   0x00000000   Code   RO          327    .ARM.Collect$$libinit$$00000023  c_w.l(libinit2.o)
    0x08000188   0x08000188   0x00000000   Code   RO          329    .ARM.Collect$$libinit$$00000025  c_w.l(libinit2.o)
    0x08000188   0x08000188   0x00000000   Code   RO          333    .ARM.Collect$$libinit$$0000002C  c_w.l(libinit2.o)
    0x08000188   0x08000188   0x00000000   Code   RO          335    .ARM.Collect$$libinit$$0000002E  c_w.l(libinit2.o)
    0x08000188   0x08000188   0x00000000   Code   RO          337    .ARM.Collect$$libinit$$00000030  c_w.l(libinit2.o)
    0x08000188   0x08000188   0x00000000   Code   RO          339    .ARM.Collect$$libinit$$00000032  c_w.l(libinit2.o)
    0x08000188   0x08000188   0x00000002   Code   RO          340    .ARM.Collect$$libinit$$00000033  c_w.l(libinit2.o)
    0x0800018a   0x0800018a   0x00000002   Code   RO          416    .ARM.Collect$$libshutdown$$00000000  c_w.l(libshutdown.o)
    0x0800018c   0x0800018c   0x00000000   Code   RO          445    .ARM.Collect$$libshutdown$$00000002  c_w.l(libshutdown2.o)
    0x0800018c   0x0800018c   0x00000000   Code   RO          447    .ARM.Collect$$libshutdown$$00000004  c_w.l(libshutdown2.o)
    0x0800018c   0x0800018c   0x00000000   Code   RO          450    .ARM.Collect$$libshutdown$$00000007  c_w.l(libshutdown2.o)
    0x0800018c   0x0800018c   0x00000000   Code   RO          453    .ARM.Collect$$libshutdown$$0000000A  c_w.l(libshutdown2.o)
    0x0800018c   0x0800018c   0x00000000   Code   RO          455    .ARM.Collect$$libshutdown$$0000000C  c_w.l(libshutdown2.o)
    0x0800018c   0x0800018c   0x00000000   Code   RO          458    .ARM.Collect$$libshutdown$$0000000F  c_w.l(libshutdown2.o)
    0x0800018c   0x0800018c   0x00000002   Code   RO          459    .ARM.Collect$$libshutdown$$00000010  c_w.l(libshutdown2.o)
    0x0800018e   0x0800018e   0x00000000   Code   RO          165    .ARM.Collect$$rtentry$$00000000  c_w.l(__rtentry.o)
    0x0800018e   0x0800018e   0x00000000   Code   RO          197    .ARM.Collect$$rtentry$$00000002  c_w.l(__rtentry2.o)
    0x0800018e   0x0800018e   0x00000006   Code   RO          209    .ARM.Collect$$rtentry$$00000004  c_w.l(__rtentry4.o)
    0x08000194   0x08000194   0x00000000   Code   RO          199    .ARM.Collect$$rtentry$$00000009  c_w.l(__rtentry2.o)
    0x08000194   0x08000194   0x00000004   Code   RO          200    .ARM.Collect$$rtentry$$0000000A  c_w.l(__rtentry2.o)
    0x08000198   0x08000198   0x00000000   Code   RO          202    .ARM.Collect$$rtentry$$0000000C  c_w.l(__rtentry2.o)
    0x08000198   0x08000198   0x00000008   Code   RO          203    .ARM.Collect$$rtentry$$0000000D  c_w.l(__rtentry2.o)
    0x080001a0   0x080001a0   0x00000002   Code   RO          341    .ARM.Collect$$rtexit$$00000000  c_w.l(rtexit.o)
    0x080001a2   0x080001a2   0x00000000   Code   RO          376    .ARM.Collect$$rtexit$$00000002  c_w.l(rtexit2.o)
    0x080001a2   0x080001a2   0x00000004   Code   RO          377    .ARM.Collect$$rtexit$$00000003  c_w.l(rtexit2.o)
    0x080001a6   0x080001a6   0x00000006   Code   RO          378    .ARM.Collect$$rtexit$$00000004  c_w.l(rtexit2.o)
    0x080001ac   0x080001ac   0x00000040   Code   RO           70    .text               startup_stm32f10x_md.o
    0x080001ec   0x080001ec   0x00000028   Code   RO           98    .text               c_w.l(noretval__2sprintf.o)
    0x08000214   0x08000214   0x0000010e   Code   RO          110    .text               c_w.l(__printf_wp.o)
    0x08000322   0x08000322   0x00000002   PAD
    0x08000324   0x08000324   0x0000000c   Code   RO          124    .text               c_w.l(strtok.o)
    0x08000330   0x08000330   0x00000006   Code   RO          127    .text               c_w.l(heapauxi.o)
    0x08000336   0x08000336   0x00000016   Code   RO          166    .text               c_w.l(_rserrno.o)
    0x0800034c   0x0800034c   0x0000041c   Code   RO          168    .text               c_w.l(_printf_fp_dec.o)
    0x08000768   0x08000768   0x00000030   Code   RO          172    .text               c_w.l(_printf_char_common.o)
    0x08000798   0x08000798   0x0000000a   Code   RO          174    .text               c_w.l(_sputc.o)
    0x080007a2   0x080007a2   0x00000002   PAD
    0x080007a4   0x080007a4   0x000000b0   Code   RO          177    .text               c_w.l(strtod.o)
    0x08000854   0x08000854   0x00000044   Code   RO          179    .text               c_w.l(strtok_int.o)
    0x08000898   0x08000898   0x00000008   Code   RO          214    .text               c_w.l(rt_locale_intlibspace.o)
    0x080008a0   0x080008a0   0x00000008   Code   RO          219    .text               c_w.l(rt_errno_addr_intlibspace.o)
    0x080008a8   0x080008a8   0x0000008a   Code   RO          221    .text               c_w.l(lludiv10.o)
    0x08000932   0x08000932   0x00000012   Code   RO          223    .text               c_w.l(isspace.o)
    0x08000944   0x08000944   0x00000080   Code   RO          225    .text               c_w.l(_printf_fp_infnan.o)
    0x080009c4   0x080009c4   0x00000040   Code   RO          229    .text               c_w.l(_sgetc.o)
    0x08000a04   0x08000a04   0x000000e4   Code   RO          231    .text               c_w.l(bigflt0.o)
    0x08000ae8   0x08000ae8   0x00000020   Code   RO          261    .text               c_w.l(strcspn.o)
    0x08000b08   0x08000b08   0x0000001c   Code   RO          263    .text               c_w.l(strspn.o)
    0x08000b24   0x08000b24   0x00000008   Code   RO          273    .text               c_w.l(libspace.o)
    0x08000b2c   0x08000b2c   0x0000004a   Code   RO          276    .text               c_w.l(sys_stackheap_outer.o)
    0x08000b76   0x08000b76   0x00000002   PAD
    0x08000b78   0x08000b78   0x00000010   Code   RO          278    .text               c_w.l(rt_ctype_table.o)
    0x08000b88   0x08000b88   0x000004f8   Code   RO          280    .text               c_w.l(scanf_fp.o)
    0x08001080   0x08001080   0x00000012   Code   RO          286    .text               c_w.l(exit.o)
    0x08001092   0x08001092   0x00000002   PAD
    0x08001094   0x08001094   0x00000080   Code   RO          288    .text               c_w.l(strcmpv7m.o)
    0x08001114   0x08001114   0x00000026   Code   RO          343    .text               c_w.l(llshl.o)
    0x0800113a   0x0800113a   0x00000002   PAD
    0x0800113c   0x0800113c   0x00000320   Code   RO          382    .text               c_w.l(scanf_hexfp.o)
    0x0800145c   0x0800145c   0x00000134   Code   RO          384    .text               c_w.l(scanf_infnan.o)
    0x08001590   0x08001590   0x0000000c   Code   RO          400    .text               c_w.l(sys_exit.o)
    0x0800159c   0x0800159c   0x0000001c   Code   RO          408    .text               c_w.l(_chval.o)
    0x080015b8   0x080015b8   0x00000002   Code   RO          435    .text               c_w.l(use_no_semi.o)
    0x080015ba   0x080015ba   0x00000000   Code   RO          437    .text               c_w.l(indicate_semi.o)
    0x080015ba   0x080015ba   0x00000002   PAD
    0x080015bc   0x080015bc   0x00000074   Code   RO            2    .text.Clock72MHz    main.o
    0x08001630   0x08001630   0x0000007a   Code   RO           20    .text.Drive_L298N_Left  main.o
    0x080016aa   0x080016aa   0x00000002   PAD
    0x080016ac   0x080016ac   0x0000006a   Code   RO           22    .text.Drive_L298N_Right  main.o
    0x08001716   0x08001716   0x00000002   PAD
    0x08001718   0x08001718   0x000000c8   Code   RO           18    .text.Encoder_Hardware_Init  main.o
    0x080017e0   0x080017e0   0x00000040   Code   RO           14    .text.Motor_GPIO_Init  main.o
    0x08001820   0x08001820   0x000002ba   Code   RO           24    .text.PID_Control   main.o
    0x08001ada   0x08001ada   0x00000002   PAD
    0x08001adc   0x08001adc   0x000000ee   Code   RO           16    .text.PWM_Init      main.o
    0x08001bca   0x08001bca   0x00000002   PAD
    0x08001bcc   0x08001bcc   0x00000062   Code   RO           12    .text.Parse_Pi_Commands  main.o
    0x08001c2e   0x08001c2e   0x00000002   PAD
    0x08001c30   0x08001c30   0x0000006c   Code   RO           10    .text.Send_Feedback_To_Pi  main.o
    0x08001c9c   0x08001c9c   0x00000008   Code   RO           79    .text.SetSysClock   system_stm32f10x.o
    0x08001ca4   0x08001ca4   0x000000be   Code   RO           83    .text.SetSysClockTo72  system_stm32f10x.o
    0x08001d62   0x08001d62   0x00000002   PAD
    0x08001d64   0x08001d64   0x00000024   Code   RO           30    .text.SysTick_Config  main.o
    0x08001d88   0x08001d88   0x00000026   Code   RO           26    .text.SysTick_Handler  main.o
    0x08001dae   0x08001dae   0x00000002   PAD
    0x08001db0   0x08001db0   0x00000056   Code   RO           77    .text.SystemInit    system_stm32f10x.o
    0x08001e06   0x08001e06   0x00000002   PAD
    0x08001e08   0x08001e08   0x00000066   Code   RO            8    .text.USART2_IRQHandler  main.o
    0x08001e6e   0x08001e6e   0x00000002   PAD
    0x08001e70   0x08001e70   0x0000006a   Code   RO            4    .text.USART2_Init   main.o
    0x08001eda   0x08001eda   0x00000002   PAD
    0x08001edc   0x08001edc   0x0000000e   Code   RO            6    .text.__NVIC_EnableIRQ  main.o
    0x08001eea   0x08001eea   0x00000002   PAD
    0x08001eec   0x08001eec   0x0000000e   Code   RO           32    .text.__NVIC_SetPriority  main.o
    0x08001efa   0x08001efa   0x00000002   PAD
    0x08001efc   0x08001efc   0x00000036   Code   RO           28    .text.main          main.o
    0x08001f32   0x08001f32   0x0000003e   Code   RO          234    CL$$btod_d2e        c_w.l(btod.o)
    0x08001f70   0x08001f70   0x00000046   Code   RO          236    CL$$btod_d2e_denorm_low  c_w.l(btod.o)
    0x08001fb6   0x08001fb6   0x00000060   Code   RO          235    CL$$btod_d2e_norm_op1  c_w.l(btod.o)
    0x08002016   0x08002016   0x00000338   Code   RO          244    CL$$btod_div_common  c_w.l(btod.o)
    0x0800234e   0x0800234e   0x00000002   PAD
    0x08002350   0x08002350   0x00000084   Code   RO          242    CL$$btod_e2d        c_w.l(btod.o)
    0x080023d4   0x080023d4   0x000000dc   Code   RO          241    CL$$btod_e2e        c_w.l(btod.o)
    0x080024b0   0x080024b0   0x0000002a   Code   RO          238    CL$$btod_ediv       c_w.l(btod.o)
    0x080024da   0x080024da   0x0000002a   Code   RO          240    CL$$btod_edivd      c_w.l(btod.o)
    0x08002504   0x08002504   0x0000002a   Code   RO          237    CL$$btod_emul       c_w.l(btod.o)
    0x0800252e   0x0800252e   0x0000002a   Code   RO          239    CL$$btod_emuld      c_w.l(btod.o)
    0x08002558   0x08002558   0x00000244   Code   RO          243    CL$$btod_mult_common  c_w.l(btod.o)
    0x0800279c   0x0800279c   0x00000028   Code   RO          271    i.__ARM_fpclassify  m_ws.l(fpclassify.o)
    0x080027c4   0x080027c4   0x0000000e   Code   RO          466    i.__mathlib_dbl_overflow  m_ws.l(dunder.o)
    0x080027d2   0x080027d2   0x00000002   PAD
    0x080027d4   0x080027d4   0x00000010   Code   RO          468    i.__mathlib_dbl_underflow  m_ws.l(dunder.o)
    0x080027e4   0x080027e4   0x00000010   Code   RO          369    i.__mathlib_narrow  m_ws.l(narrow.o)
    0x080027f4   0x080027f4   0x000000bc   Code   RO          370    i.__mathlib_tofloat  m_ws.l(narrow.o)
    0x080028b0   0x080028b0   0x00000016   Code   RO          424    i.__support_ldexp   m_ws.l(ldexp.o)
    0x080028c6   0x080028c6   0x0000000e   Code   RO          112    i._is_digit         c_w.l(__printf_wp.o)
    0x080028d4   0x080028d4   0x0000002c   Code   RO          162    i.atof              m_ws.l(atof.o)
    0x08002900   0x08002900   0x00000058   Code   RO          395    i.frexp             m_ws.l(frexp.o)
    0x08002958   0x08002958   0x00000074   Code   RO          425    i.ldexp             m_ws.l(ldexp.o)
    0x080029cc   0x080029cc   0x0000002c   Code   RO          259    locale$$code        c_w.l(lc_numeric_c.o)
    0x080029f8   0x080029f8   0x0000002c   Code   RO          351    locale$$code        c_w.l(lc_ctype_c.o)
    0x08002a24   0x08002a24   0x00000062   Code   RO          131    x$fpl$d2f           fz_ws.l(d2f.o)
    0x08002a86   0x08002a86   0x00000002   PAD
    0x08002a88   0x08002a88   0x00000010   Code   RO          460    x$fpl$dcheck1       fz_ws.l(dcheck1.o)
    0x08002a98   0x08002a98   0x00000018   Code   RO          417    x$fpl$dcmpinf       fz_ws.l(dcmpi.o)
    0x08002ab0   0x08002ab0   0x00000078   Code   RO          390    x$fpl$deqf          fz_ws.l(deqf.o)
    0x08002b28   0x08002b28   0x00000078   Code   RO          419    x$fpl$dleqf         fz_ws.l(dleqf.o)
    0x08002ba0   0x08002ba0   0x0000009c   Code   RO          181    x$fpl$dnaninf       fz_ws.l(dnaninf.o)
    0x08002c3c   0x08002c3c   0x0000000c   Code   RO          183    x$fpl$dretinf       fz_ws.l(dretinf.o)
    0x08002c48   0x08002c48   0x0000006c   Code   RO          392    x$fpl$drleqf        fz_ws.l(drleqf.o)
    0x08002cb4   0x08002cb4   0x00000056   Code   RO          133    x$fpl$f2d           fz_ws.l(f2d.o)
    0x08002d0a   0x08002d0a   0x00000002   PAD
    0x08002d0c   0x08002d0c   0x000000c4   Code   RO          135    x$fpl$fadd          fz_ws.l(faddsub_clz.o)
    0x08002dd0   0x08002dd0   0x00000054   Code   RO          141    x$fpl$fcmp          fz_ws.l(fcmp.o)
    0x08002e24   0x08002e24   0x00000018   Code   RO          265    x$fpl$fcmpinf       fz_ws.l(fcmpi.o)
    0x08002e3c   0x08002e3c   0x00000184   Code   RO          144    x$fpl$fdiv          fz_ws.l(fdiv.o)
    0x08002fc0   0x08002fc0   0x00000068   Code   RO          185    x$fpl$feqf          fz_ws.l(feqf.o)
    0x08003028   0x08003028   0x00000036   Code   RO          147    x$fpl$ffix          fz_ws.l(ffix.o)
    0x0800305e   0x0800305e   0x00000002   PAD
    0x08003060   0x08003060   0x00000030   Code   RO          152    x$fpl$fflt          fz_ws.l(fflt_clz.o)
    0x08003090   0x08003090   0x00000068   Code   RO          187    x$fpl$fgeqf         fz_ws.l(fgeqf.o)
    0x080030f8   0x080030f8   0x00000068   Code   RO          189    x$fpl$fleqf         fz_ws.l(fleqf.o)
    0x08003160   0x08003160   0x00000102   Code   RO          157    x$fpl$fmul          fz_ws.l(fmul.o)
    0x08003262   0x08003262   0x0000008c   Code   RO          191    x$fpl$fnaninf       fz_ws.l(fnaninf.o)
    0x080032ee   0x080032ee   0x0000000a   Code   RO          193    x$fpl$fretinf       fz_ws.l(fretinf.o)
    0x080032f8   0x080032f8   0x000000ea   Code   RO          137    x$fpl$fsub          fz_ws.l(faddsub_clz.o)
    0x080033e2   0x080033e2   0x00000006   Code   RO          267    x$fpl$ieeestatus    fz_ws.l(istatus.o)
    0x080033e8   0x080033e8   0x00000004   Code   RO          159    x$fpl$printf1       fz_ws.l(printf1.o)
    0x080033ec   0x080033ec   0x00000064   Code   RO          493    x$fpl$retnan        fz_ws.l(retnan.o)
    0x08003450   0x08003450   0x0000005c   Code   RO          421    x$fpl$scalbn        fz_ws.l(scalbn.o)
    0x080034ac   0x080034ac   0x00000004   Code   RO          269    x$fpl$scanf1        fz_ws.l(scanf1.o)
    0x080034b0   0x080034b0   0x00000008   Code   RO          363    x$fpl$scanf2        fz_ws.l(scanf2.o)
    0x080034b8   0x080034b8   0x00000030   Code   RO          501    x$fpl$trapveneer    fz_ws.l(trapv.o)
    0x080034e8   0x080034e8   0x00000000   Code   RO          195    x$fpl$usenofp       fz_ws.l(usenofp.o)
    0x080034e8   0x080034e8   0x00000094   Data   RO          232    .constdata          c_w.l(bigflt0.o)
    0x0800357c   0x0800357c   0x00000002   Data   RO           55    .rodata.str1.1      main.o
    0x0800357e   0x0800357e   0x00000002   PAD
    0x08003580   0x08003580   0x00000020   Data   RO          520    Region$$Table       anon$$obj.o
    0x080035a0   0x080035a0   0x00000008   Data   RO          357    c$$dinf             fz_ws.l(fpconst.o)
    0x080035a8   0x080035a8   0x00000008   Data   RO          360    c$$dmax             fz_ws.l(fpconst.o)
    0x080035b0   0x080035b0   0x0000001c   Data   RO          258    locale$$data        c_w.l(lc_numeric_c.o)
    0x080035cc   0x080035cc   0x00000110   Data   RO          350    locale$$data        c_w.l(lc_ctype_c.o)


    Execution Region RW_IRAM1 (Exec base: 0x20000000, Load base: 0x080036e0, Size: 0x000006e8, Max: 0x00005000, ABSOLUTE)

    Exec Addr    Load Addr    Size         Type   Attr      Idx    E Section Name        Object

    0x20000000   0x080036e0   0x00000004   Data   RW          125    .data               c_w.l(strtok.o)
    0x20000004   0x080036e4   0x00000004   Data   RW           36    .data.Kd            main.o
    0x20000008   0x080036e8   0x00000004   Data   RW           35    .data.Ki            main.o
    0x2000000c   0x080036ec   0x00000004   Data   RW           34    .data.Kp            main.o
    0x20000010   0x080036f0   0x00000004   Data   RW           85    .data.SystemCoreClock  system_stm32f10x.o
    0x20000014   0x080036f4   0x00000004   PAD
    0x20000018        -       0x00000060   Zero   RW          274    .bss                c_w.l(libspace.o)
    0x20000078        -       0x00000004   Zero   RW           56    .bss.alpha          main.o
    0x2000007c        -       0x00000004   Zero   RW           57    .bss.beta           main.o
    0x20000080        -       0x00000001   Zero   RW           52    .bss.data_ready_flag  main.o
    0x20000081   0x080036f4   0x00000003   PAD
    0x20000084        -       0x00000004   Zero   RW           42    .bss.e1L            main.o
    0x20000088        -       0x00000004   Zero   RW           45    .bss.e1R            main.o
    0x2000008c        -       0x00000004   Zero   RW           43    .bss.e2L            main.o
    0x20000090        -       0x00000004   Zero   RW           46    .bss.e2R            main.o
    0x20000094        -       0x00000001   Zero   RW           53    .bss.feedback_divider  main.o
    0x20000095   0x080036f4   0x00000003   PAD
    0x20000098        -       0x00000004   Zero   RW           58    .bss.gamma          main.o
    0x2000009c        -       0x00000004   Zero   RW           49    .bss.lastOutL       main.o
    0x200000a0        -       0x00000004   Zero   RW           50    .bss.lastOutR       main.o
    0x200000a4        -       0x00000004   Zero   RW           47    .bss.outL           main.o
    0x200000a8        -       0x00000004   Zero   RW           48    .bss.outR           main.o
    0x200000ac        -       0x00000028   Zero   RW           54    .bss.rx_buf         main.o
    0x200000d4        -       0x00000001   Zero   RW           51    .bss.rx_index       main.o
    0x200000d5   0x080036f4   0x00000003   PAD
    0x200000d8        -       0x00000004   Zero   RW           37    .bss.setL           main.o
    0x200000dc        -       0x00000004   Zero   RW           38    .bss.setR           main.o
    0x200000e0        -       0x00000004   Zero   RW           39    .bss.tocdoL         main.o
    0x200000e4        -       0x00000004   Zero   RW           40    .bss.tocdoR         main.o
    0x200000e8        -       0x00000200   Zero   RW           68    HEAP                startup_stm32f10x_md.o
    0x200002e8        -       0x00000400   Zero   RW           67    STACK               startup_stm32f10x_md.o


==============================================================================

Image component sizes


      Code (inc. data)   RO Data    RW Data    ZI Data      Debug   Object Name

      2114         12          2         12        103       8472   main.o
        64         26        236          0       1536        796   startup_stm32f10x_md.o
       284          0          0          4          0       2783   system_stm32f10x.o

    ----------------------------------------------------------------------
      2486         38        272         16       1652      12051   Object Totals
         0          0         32          0          0          0   (incl. Generated)
        24          0          2          0         13          0   (incl. Padding)

    ----------------------------------------------------------------------

      Code (inc. data)   RO Data    RW Data    ZI Data      Debug   Library Member Name

         8          0          0          0          0         68   __main.o
       284          0          0          0          0        156   __printf_wp.o
         0          0          0          0          0          0   __rtentry.o
        12          0          0          0          0          0   __rtentry2.o
         6          0          0          0          0          0   __rtentry4.o
        52          8          0          0          0          0   __scatter.o
        26          0          0          0          0          0   __scatter_copy.o
        28          0          0          0          0          0   __scatter_zi.o
        28          0          0          0          0         68   _chval.o
        48          6          0          0          0         96   _printf_char_common.o
         6          0          0          0          0          0   _printf_f.o
      1052          0          0          0          0        148   _printf_fp_dec.o
       128         16          0          0          0         84   _printf_fp_infnan.o
         0          0          0          0          0          0   _printf_percent.o
         4          0          0          0          0          0   _printf_percent_end.o
        22          0          0          0          0        100   _rserrno.o
        64          0          0          0          0         84   _sgetc.o
        10          0          0          0          0         68   _sputc.o
       228          4        148          0          0         96   bigflt0.o
      2152        136          0          0          0        960   btod.o
        18          0          0          0          0         80   exit.o
         6          0          0          0          0        152   heapauxi.o
         0          0          0          0          0          0   indicate_semi.o
        18          0          0          0          0         76   isspace.o
        44         10        272          0          0         76   lc_ctype_c.o
        44         10         28          0          0         76   lc_numeric_c.o
         2          0          0          0          0          0   libinit.o
        30          0          0          0          0          0   libinit2.o
         2          0          0          0          0          0   libshutdown.o
         2          0          0          0          0          0   libshutdown2.o
         8          4          0          0         96         68   libspace.o
        38          0          0          0          0         68   llshl.o
       138          0          0          0          0         80   lludiv10.o
        40          6          0          0          0         84   noretval__2sprintf.o
        16          4          0          0          0         76   rt_ctype_table.o
         8          4          0          0          0         68   rt_errno_addr_intlibspace.o
         8          4          0          0          0         68   rt_locale_intlibspace.o
         2          0          0          0          0          0   rtexit.o
        10          0          0          0          0          0   rtexit2.o
      1272         16          0          0          0        168   scanf_fp.o
       800         14          0          0          0        100   scanf_hexfp.o
       308         16          0          0          0        100   scanf_infnan.o
       128          0          0          0          0         68   strcmpv7m.o
        32          0          0          0          0         80   strcspn.o
        28          0          0          0          0         80   strspn.o
       176         14          0          0          0        124   strtod.o
        12          6          0          4          0         68   strtok.o
        68          4          0          0          0         84   strtok_int.o
        12          4          0          0          0         68   sys_exit.o
        74          0          0          0          0         80   sys_stackheap_outer.o
         2          0          0          0          0         68   use_no_semi.o
        98          4          0          0          0         92   d2f.o
        16          4          0          0          0         68   dcheck1.o
        24          0          0          0          0         68   dcmpi.o
       120          4          0          0          0         92   deqf.o
       120          4          0          0          0         92   dleqf.o
       156          4          0          0          0         92   dnaninf.o
        12          0          0          0          0         68   dretinf.o
       108          0          0          0          0         80   drleqf.o
        86          4          0          0          0         84   f2d.o
       430          8          0          0          0        168   faddsub_clz.o
        84          0          0          0          0        196   fcmp.o
        24          0          0          0          0         68   fcmpi.o
       388         76          0          0          0         96   fdiv.o
       104          4          0          0          0         84   feqf.o
        54          4          0          0          0         84   ffix.o
        48          0          0          0          0         68   fflt_clz.o
       104          4          0          0          0         84   fgeqf.o
       104          4          0          0          0         84   fleqf.o
       258          4          0          0          0         84   fmul.o
       140          4          0          0          0         84   fnaninf.o
         0          0         16          0          0          0   fpconst.o
        10          0          0          0          0         68   fretinf.o
         6          0          0          0          0         68   istatus.o
         4          0          0          0          0         68   printf1.o
       100          0          0          0          0         68   retnan.o
        92          0          0          0          0         68   scalbn.o
         4          0          0          0          0         68   scanf1.o
         8          0          0          0          0         84   scanf2.o
        48          0          0          0          0         68   trapv.o
         0          0          0          0          0          0   usenofp.o
        44          0          0          0          0         84   atof.o
        30          6          0          0          0        136   dunder.o
        40          0          0          0          0         68   fpclassify.o
        88          8          0          0          0         76   frexp.o
       138          0          0          0          0        160   ldexp.o
       204          4          0          0          0        168   narrow.o

    ----------------------------------------------------------------------
     10822        438        464          4         96       7076   Library Totals
        24          2          0          0          0          0   (incl. Padding)

    ----------------------------------------------------------------------

      Code (inc. data)   RO Data    RW Data    ZI Data      Debug   Library Name

      7504        286        448          4         96       3988   c_w.l
      2750        132         16          0          0       2396   fz_ws.l
       544         18          0          0          0        692   m_ws.l

    ----------------------------------------------------------------------
     10822        438        464          4         96       7076   Library Totals

    ----------------------------------------------------------------------

==============================================================================


      Code (inc. data)   RO Data    RW Data    ZI Data      Debug   

     13308        476        736         20       1748      14999   Grand Totals
     13308        476        736         20       1748      14999   ELF Image Totals
     13308        476        736         20          0          0   ROM Totals

==============================================================================

    Total RO  Size (Code + RO Data)                14044 (  13.71kB)
    Total RW  Size (RW Data + ZI Data)              1768 (   1.73kB)
    Total ROM Size (Code + RO Data + RW Data)      14064 (  13.73kB)

==============================================================================

